[2025-11-13T01:32:45.196+0000] {logging_mixin.py:188} INFO - Changing /opt/airflow/logs/dag_id=transform_bronze_to_silver_gold/run_id=__airflow_temporary_run_2025-11-13T01:32:43.321917+00:00__/task_id=dbt_deps permission to 509
[2025-11-13T01:32:45.196+0000] {logging_mixin.py:188} INFO - Failed to change /opt/airflow/logs/dag_id=transform_bronze_to_silver_gold/run_id=__airflow_temporary_run_2025-11-13T01:32:43.321917+00:00__/task_id=dbt_deps permission to 509: [Errno 1] Operation not permitted: '/opt/airflow/logs/dag_id=transform_bronze_to_silver_gold/run_id=__airflow_temporary_run_2025-11-13T01:32:43.321917+00:00__/task_id=dbt_deps'
[2025-11-13T01:32:45.226+0000] {logging_mixin.py:188} INFO - Changing /opt/airflow/logs/dag_id=transform_bronze_to_silver_gold/run_id=__airflow_temporary_run_2025-11-13T01:32:43.321917+00:00__/task_id=dbt_deps permission to 509
[2025-11-13T01:32:45.226+0000] {logging_mixin.py:188} INFO - Failed to change /opt/airflow/logs/dag_id=transform_bronze_to_silver_gold/run_id=__airflow_temporary_run_2025-11-13T01:32:43.321917+00:00__/task_id=dbt_deps permission to 509: [Errno 1] Operation not permitted: '/opt/airflow/logs/dag_id=transform_bronze_to_silver_gold/run_id=__airflow_temporary_run_2025-11-13T01:32:43.321917+00:00__/task_id=dbt_deps'
[2025-11-13T01:32:45.254+0000] {taskinstance.py:1956} INFO - Dependencies all met for dep_context=non-requeueable deps ti=<TaskInstance: transform_bronze_to_silver_gold.dbt_deps __airflow_temporary_run_2025-11-13T01:32:43.321917+00:00__ [queued]>
[2025-11-13T01:32:45.258+0000] {taskinstance.py:1956} INFO - Dependencies all met for dep_context=requeueable deps ti=<TaskInstance: transform_bronze_to_silver_gold.dbt_deps __airflow_temporary_run_2025-11-13T01:32:43.321917+00:00__ [queued]>
[2025-11-13T01:32:45.259+0000] {taskinstance.py:2170} INFO - Starting attempt 1 of 1
[2025-11-13T01:32:45.266+0000] {taskinstance.py:2191} INFO - Executing <Task(BashOperator): dbt_deps> on 2025-11-13 00:00:00+00:00
[2025-11-13T01:32:45.269+0000] {standard_task_runner.py:60} INFO - Started process 761 to run task
[2025-11-13T01:32:45.272+0000] {standard_task_runner.py:87} INFO - Running: ['airflow', 'tasks', 'run', 'transform_bronze_to_silver_gold', 'dbt_deps', '__airflow_temporary_run_2025-11-13T01:32:43.321917+00:00__', '--job-id', '9', '--raw', '--subdir', 'DAGS_FOLDER/transform_silver_gold_dbt_dag.py', '--cfg-path', '/tmp/tmpuuvyc32g']
[2025-11-13T01:32:45.273+0000] {standard_task_runner.py:88} INFO - Job 9: Subtask dbt_deps
[2025-11-13T01:32:45.297+0000] {logging_mixin.py:188} INFO - Changing /opt/airflow/logs/dag_id=transform_bronze_to_silver_gold/run_id=__airflow_temporary_run_2025-11-13T01:32:43.321917+00:00__/task_id=dbt_deps permission to 509
[2025-11-13T01:32:45.297+0000] {logging_mixin.py:188} INFO - Failed to change /opt/airflow/logs/dag_id=transform_bronze_to_silver_gold/run_id=__airflow_temporary_run_2025-11-13T01:32:43.321917+00:00__/task_id=dbt_deps permission to 509: [Errno 1] Operation not permitted: '/opt/airflow/logs/dag_id=transform_bronze_to_silver_gold/run_id=__airflow_temporary_run_2025-11-13T01:32:43.321917+00:00__/task_id=dbt_deps'
[2025-11-13T01:32:45.316+0000] {task_command.py:423} INFO - Running <TaskInstance: transform_bronze_to_silver_gold.dbt_deps __airflow_temporary_run_2025-11-13T01:32:43.321917+00:00__ [running]> on host 2fa63170b6f2
[2025-11-13T01:32:45.347+0000] {taskinstance.py:2480} INFO - Exporting env vars: AIRFLOW_CTX_DAG_OWNER='data-platform' AIRFLOW_CTX_DAG_ID='transform_bronze_to_silver_gold' AIRFLOW_CTX_TASK_ID='dbt_deps' AIRFLOW_CTX_EXECUTION_DATE='2025-11-13T00:00:00+00:00' AIRFLOW_CTX_TRY_NUMBER='1' AIRFLOW_CTX_DAG_RUN_ID='__airflow_temporary_run_2025-11-13T01:32:43.321917+00:00__'
[2025-11-13T01:32:45.348+0000] {subprocess.py:63} INFO - Tmp dir root location: /tmp
[2025-11-13T01:32:45.349+0000] {subprocess.py:75} INFO - Running command: ['/usr/bin/bash', '-c', 'cd /opt/airflow/dbt && /home/airflow/.local/bin/dbt deps']
[2025-11-13T01:32:45.354+0000] {subprocess.py:86} INFO - Output:
[2025-11-13T01:32:46.513+0000] {subprocess.py:93} INFO - [0m01:32:46  Running with dbt=1.7.9
[2025-11-13T01:32:46.578+0000] {subprocess.py:93} INFO - [0m01:32:46  Warning: No packages were found in packages.yml
[2025-11-13T01:32:46.585+0000] {subprocess.py:93} INFO - [0m01:32:46  Warning: No packages were found in packages.yml
[2025-11-13T01:32:47.259+0000] {subprocess.py:97} INFO - Command exited with return code 0
[2025-11-13T01:32:47.263+0000] {taskinstance.py:2698} ERROR - Task failed with exception
Traceback (most recent call last):
  File "/home/airflow/.local/lib/python3.11/site-packages/airflow/models/taskinstance.py", line 440, in _execute_task
    task_instance.xcom_push(key=XCOM_RETURN_KEY, value=xcom_value, session=session)
  File "/home/airflow/.local/lib/python3.11/site-packages/airflow/utils/session.py", line 76, in wrapper
    return func(*args, **kwargs)
           ^^^^^^^^^^^^^^^^^^^^^
  File "/home/airflow/.local/lib/python3.11/site-packages/airflow/models/taskinstance.py", line 2980, in xcom_push
    XCom.set(
  File "/home/airflow/.local/lib/python3.11/site-packages/airflow/utils/session.py", line 76, in wrapper
    return func(*args, **kwargs)
           ^^^^^^^^^^^^^^^^^^^^^
  File "/home/airflow/.local/lib/python3.11/site-packages/airflow/models/xcom.py", line 224, in set
    raise ValueError(f"DAG run not found on DAG {dag_id!r} with ID {run_id!r}")
ValueError: DAG run not found on DAG 'transform_bronze_to_silver_gold' with ID '__airflow_temporary_run_2025-11-13T01:32:43.321917+00:00__'
[2025-11-13T01:32:47.267+0000] {taskinstance.py:1138} INFO - Marking task as FAILED. dag_id=transform_bronze_to_silver_gold, task_id=dbt_deps, execution_date=20251113T000000, start_date=20251113T013245, end_date=20251113T013247
[2025-11-13T01:32:47.272+0000] {standard_task_runner.py:107} ERROR - Failed to execute job 9 for task dbt_deps ((sqlite3.IntegrityError) FOREIGN KEY constraint failed
[SQL: INSERT INTO task_fail (task_id, dag_id, run_id, map_index, start_date, end_date, duration) VALUES (?, ?, ?, ?, ?, ?, ?)]
[parameters: ('dbt_deps', 'transform_bronze_to_silver_gold', '__airflow_temporary_run_2025-11-13T01:32:43.321917+00:00__', -1, '2025-11-13 01:32:45.255566', '2025-11-13 01:32:47.267386', 2)]
(Background on this error at: https://sqlalche.me/e/14/gkpj); 761)
[2025-11-13T01:32:47.292+0000] {local_task_job_runner.py:234} INFO - Task exited with return code 1
