[2025-11-13T01:44:49.226+0000] {logging_mixin.py:188} INFO - Changing /opt/airflow/logs/dag_id=transform_bronze_to_silver_gold/run_id=manual__2025-11-13T01:44:46.757363+00:00/task_id=dbt_deps permission to 509
[2025-11-13T01:44:49.227+0000] {logging_mixin.py:188} INFO - Failed to change /opt/airflow/logs/dag_id=transform_bronze_to_silver_gold/run_id=manual__2025-11-13T01:44:46.757363+00:00/task_id=dbt_deps permission to 509: [Errno 1] Operation not permitted: '/opt/airflow/logs/dag_id=transform_bronze_to_silver_gold/run_id=manual__2025-11-13T01:44:46.757363+00:00/task_id=dbt_deps'
[2025-11-13T01:44:49.267+0000] {logging_mixin.py:188} INFO - Changing /opt/airflow/logs/dag_id=transform_bronze_to_silver_gold/run_id=manual__2025-11-13T01:44:46.757363+00:00/task_id=dbt_deps permission to 509
[2025-11-13T01:44:49.268+0000] {logging_mixin.py:188} INFO - Failed to change /opt/airflow/logs/dag_id=transform_bronze_to_silver_gold/run_id=manual__2025-11-13T01:44:46.757363+00:00/task_id=dbt_deps permission to 509: [Errno 1] Operation not permitted: '/opt/airflow/logs/dag_id=transform_bronze_to_silver_gold/run_id=manual__2025-11-13T01:44:46.757363+00:00/task_id=dbt_deps'
[2025-11-13T01:44:49.308+0000] {taskinstance.py:1956} INFO - Dependencies all met for dep_context=non-requeueable deps ti=<TaskInstance: transform_bronze_to_silver_gold.dbt_deps manual__2025-11-13T01:44:46.757363+00:00 [queued]>
[2025-11-13T01:44:49.312+0000] {taskinstance.py:1956} INFO - Dependencies all met for dep_context=requeueable deps ti=<TaskInstance: transform_bronze_to_silver_gold.dbt_deps manual__2025-11-13T01:44:46.757363+00:00 [queued]>
[2025-11-13T01:44:49.312+0000] {taskinstance.py:2170} INFO - Starting attempt 1 of 1
[2025-11-13T01:44:49.321+0000] {taskinstance.py:2191} INFO - Executing <Task(BashOperator): dbt_deps> on 2025-11-13 01:44:46.757363+00:00
[2025-11-13T01:44:49.325+0000] {standard_task_runner.py:60} INFO - Started process 3885 to run task
[2025-11-13T01:44:49.327+0000] {standard_task_runner.py:87} INFO - Running: ['airflow', 'tasks', 'run', 'transform_bronze_to_silver_gold', 'dbt_deps', 'manual__2025-11-13T01:44:46.757363+00:00', '--job-id', '17', '--raw', '--subdir', 'DAGS_FOLDER/transform_silver_gold_dbt_dag.py', '--cfg-path', '/tmp/tmp6gyxhz4b']
[2025-11-13T01:44:49.329+0000] {standard_task_runner.py:88} INFO - Job 17: Subtask dbt_deps
[2025-11-13T01:44:49.352+0000] {logging_mixin.py:188} INFO - Changing /opt/airflow/logs/dag_id=transform_bronze_to_silver_gold/run_id=manual__2025-11-13T01:44:46.757363+00:00/task_id=dbt_deps permission to 509
[2025-11-13T01:44:49.352+0000] {logging_mixin.py:188} INFO - Failed to change /opt/airflow/logs/dag_id=transform_bronze_to_silver_gold/run_id=manual__2025-11-13T01:44:46.757363+00:00/task_id=dbt_deps permission to 509: [Errno 1] Operation not permitted: '/opt/airflow/logs/dag_id=transform_bronze_to_silver_gold/run_id=manual__2025-11-13T01:44:46.757363+00:00/task_id=dbt_deps'
[2025-11-13T01:44:49.375+0000] {task_command.py:423} INFO - Running <TaskInstance: transform_bronze_to_silver_gold.dbt_deps manual__2025-11-13T01:44:46.757363+00:00 [running]> on host 2fa63170b6f2
[2025-11-13T01:44:49.408+0000] {taskinstance.py:2480} INFO - Exporting env vars: AIRFLOW_CTX_DAG_OWNER='data-platform' AIRFLOW_CTX_DAG_ID='transform_bronze_to_silver_gold' AIRFLOW_CTX_TASK_ID='dbt_deps' AIRFLOW_CTX_EXECUTION_DATE='2025-11-13T01:44:46.757363+00:00' AIRFLOW_CTX_TRY_NUMBER='1' AIRFLOW_CTX_DAG_RUN_ID='manual__2025-11-13T01:44:46.757363+00:00'
[2025-11-13T01:44:49.409+0000] {subprocess.py:63} INFO - Tmp dir root location: /tmp
[2025-11-13T01:44:49.410+0000] {subprocess.py:75} INFO - Running command: ['/usr/bin/bash', '-c', 'cd /opt/airflow/dbt && export DBT_PROFILES_DIR=/opt/airflow/dbt && /home/airflow/.local/bin/dbt deps']
[2025-11-13T01:44:49.418+0000] {subprocess.py:86} INFO - Output:
[2025-11-13T01:44:50.793+0000] {subprocess.py:93} INFO - [0m01:44:50  Running with dbt=1.7.9
[2025-11-13T01:44:50.894+0000] {subprocess.py:93} INFO - [0m01:44:50  Warning: No packages were found in packages.yml
[2025-11-13T01:44:50.900+0000] {subprocess.py:93} INFO - [0m01:44:50  Warning: No packages were found in packages.yml
[2025-11-13T01:44:51.590+0000] {subprocess.py:97} INFO - Command exited with return code 0
[2025-11-13T01:44:51.602+0000] {taskinstance.py:1138} INFO - Marking task as SUCCESS. dag_id=transform_bronze_to_silver_gold, task_id=dbt_deps, execution_date=20251113T014446, start_date=20251113T014449, end_date=20251113T014451
[2025-11-13T01:44:51.629+0000] {local_task_job_runner.py:234} INFO - Task exited with return code 0
[2025-11-13T01:44:51.638+0000] {taskinstance.py:3280} INFO - 1 downstream tasks scheduled from follow-on schedule check
