[2025-11-13T02:16:15.165+0000] {logging_mixin.py:188} INFO - Changing /opt/airflow/logs/dag_id=transform_bronze_to_silver_gold/run_id=manual__2025-11-13T02:16:12.989008+00:00/task_id=dbt_deps permission to 509
[2025-11-13T02:16:15.166+0000] {logging_mixin.py:188} INFO - Failed to change /opt/airflow/logs/dag_id=transform_bronze_to_silver_gold/run_id=manual__2025-11-13T02:16:12.989008+00:00/task_id=dbt_deps permission to 509: [Errno 1] Operation not permitted: '/opt/airflow/logs/dag_id=transform_bronze_to_silver_gold/run_id=manual__2025-11-13T02:16:12.989008+00:00/task_id=dbt_deps'
[2025-11-13T02:16:15.201+0000] {logging_mixin.py:188} INFO - Changing /opt/airflow/logs/dag_id=transform_bronze_to_silver_gold/run_id=manual__2025-11-13T02:16:12.989008+00:00/task_id=dbt_deps permission to 509
[2025-11-13T02:16:15.202+0000] {logging_mixin.py:188} INFO - Failed to change /opt/airflow/logs/dag_id=transform_bronze_to_silver_gold/run_id=manual__2025-11-13T02:16:12.989008+00:00/task_id=dbt_deps permission to 509: [Errno 1] Operation not permitted: '/opt/airflow/logs/dag_id=transform_bronze_to_silver_gold/run_id=manual__2025-11-13T02:16:12.989008+00:00/task_id=dbt_deps'
[2025-11-13T02:16:15.242+0000] {taskinstance.py:1956} INFO - Dependencies all met for dep_context=non-requeueable deps ti=<TaskInstance: transform_bronze_to_silver_gold.dbt_deps manual__2025-11-13T02:16:12.989008+00:00 [queued]>
[2025-11-13T02:16:15.245+0000] {taskinstance.py:1956} INFO - Dependencies all met for dep_context=requeueable deps ti=<TaskInstance: transform_bronze_to_silver_gold.dbt_deps manual__2025-11-13T02:16:12.989008+00:00 [queued]>
[2025-11-13T02:16:15.246+0000] {taskinstance.py:2170} INFO - Starting attempt 1 of 1
[2025-11-13T02:16:15.253+0000] {taskinstance.py:2191} INFO - Executing <Task(BashOperator): dbt_deps> on 2025-11-13 02:16:12.989008+00:00
[2025-11-13T02:16:15.257+0000] {standard_task_runner.py:60} INFO - Started process 13217 to run task
[2025-11-13T02:16:15.259+0000] {standard_task_runner.py:87} INFO - Running: ['airflow', 'tasks', 'run', 'transform_bronze_to_silver_gold', 'dbt_deps', 'manual__2025-11-13T02:16:12.989008+00:00', '--job-id', '31', '--raw', '--subdir', 'DAGS_FOLDER/transform_silver_gold_dbt_dag.py', '--cfg-path', '/tmp/tmp4i5u4ory']
[2025-11-13T02:16:15.260+0000] {standard_task_runner.py:88} INFO - Job 31: Subtask dbt_deps
[2025-11-13T02:16:15.282+0000] {logging_mixin.py:188} INFO - Changing /opt/airflow/logs/dag_id=transform_bronze_to_silver_gold/run_id=manual__2025-11-13T02:16:12.989008+00:00/task_id=dbt_deps permission to 509
[2025-11-13T02:16:15.283+0000] {logging_mixin.py:188} INFO - Failed to change /opt/airflow/logs/dag_id=transform_bronze_to_silver_gold/run_id=manual__2025-11-13T02:16:12.989008+00:00/task_id=dbt_deps permission to 509: [Errno 1] Operation not permitted: '/opt/airflow/logs/dag_id=transform_bronze_to_silver_gold/run_id=manual__2025-11-13T02:16:12.989008+00:00/task_id=dbt_deps'
[2025-11-13T02:16:15.301+0000] {task_command.py:423} INFO - Running <TaskInstance: transform_bronze_to_silver_gold.dbt_deps manual__2025-11-13T02:16:12.989008+00:00 [running]> on host 2fa63170b6f2
[2025-11-13T02:16:15.332+0000] {taskinstance.py:2480} INFO - Exporting env vars: AIRFLOW_CTX_DAG_OWNER='data-platform' AIRFLOW_CTX_DAG_ID='transform_bronze_to_silver_gold' AIRFLOW_CTX_TASK_ID='dbt_deps' AIRFLOW_CTX_EXECUTION_DATE='2025-11-13T02:16:12.989008+00:00' AIRFLOW_CTX_TRY_NUMBER='1' AIRFLOW_CTX_DAG_RUN_ID='manual__2025-11-13T02:16:12.989008+00:00'
[2025-11-13T02:16:15.333+0000] {subprocess.py:63} INFO - Tmp dir root location: /tmp
[2025-11-13T02:16:15.334+0000] {subprocess.py:75} INFO - Running command: ['/usr/bin/bash', '-c', 'cd /opt/airflow/dbt && export DBT_PROFILES_DIR=/opt/airflow/dbt && /home/airflow/.local/bin/dbt deps']
[2025-11-13T02:16:15.339+0000] {subprocess.py:86} INFO - Output:
[2025-11-13T02:16:16.734+0000] {subprocess.py:93} INFO - [0m02:16:16  Running with dbt=1.7.9
[2025-11-13T02:16:16.843+0000] {subprocess.py:93} INFO - [0m02:16:16  Warning: No packages were found in packages.yml
[2025-11-13T02:16:16.856+0000] {subprocess.py:93} INFO - [0m02:16:16  Warning: No packages were found in packages.yml
[2025-11-13T02:16:17.832+0000] {subprocess.py:97} INFO - Command exited with return code 0
[2025-11-13T02:16:17.843+0000] {taskinstance.py:1138} INFO - Marking task as SUCCESS. dag_id=transform_bronze_to_silver_gold, task_id=dbt_deps, execution_date=20251113T021612, start_date=20251113T021615, end_date=20251113T021617
[2025-11-13T02:16:17.881+0000] {local_task_job_runner.py:234} INFO - Task exited with return code 0
[2025-11-13T02:16:17.890+0000] {taskinstance.py:3280} INFO - 1 downstream tasks scheduled from follow-on schedule check
