[2025-11-13T02:16:19.556+0000] {logging_mixin.py:188} INFO - Changing /opt/airflow/logs/dag_id=transform_bronze_to_silver_gold/run_id=manual__2025-11-13T02:16:12.989008+00:00/task_id=dbt_run permission to 509
[2025-11-13T02:16:19.557+0000] {logging_mixin.py:188} INFO - Failed to change /opt/airflow/logs/dag_id=transform_bronze_to_silver_gold/run_id=manual__2025-11-13T02:16:12.989008+00:00/task_id=dbt_run permission to 509: [Errno 1] Operation not permitted: '/opt/airflow/logs/dag_id=transform_bronze_to_silver_gold/run_id=manual__2025-11-13T02:16:12.989008+00:00/task_id=dbt_run'
[2025-11-13T02:16:19.598+0000] {logging_mixin.py:188} INFO - Changing /opt/airflow/logs/dag_id=transform_bronze_to_silver_gold/run_id=manual__2025-11-13T02:16:12.989008+00:00/task_id=dbt_run permission to 509
[2025-11-13T02:16:19.599+0000] {logging_mixin.py:188} INFO - Failed to change /opt/airflow/logs/dag_id=transform_bronze_to_silver_gold/run_id=manual__2025-11-13T02:16:12.989008+00:00/task_id=dbt_run permission to 509: [Errno 1] Operation not permitted: '/opt/airflow/logs/dag_id=transform_bronze_to_silver_gold/run_id=manual__2025-11-13T02:16:12.989008+00:00/task_id=dbt_run'
[2025-11-13T02:16:19.635+0000] {taskinstance.py:1956} INFO - Dependencies all met for dep_context=non-requeueable deps ti=<TaskInstance: transform_bronze_to_silver_gold.dbt_run manual__2025-11-13T02:16:12.989008+00:00 [queued]>
[2025-11-13T02:16:19.641+0000] {taskinstance.py:1956} INFO - Dependencies all met for dep_context=requeueable deps ti=<TaskInstance: transform_bronze_to_silver_gold.dbt_run manual__2025-11-13T02:16:12.989008+00:00 [queued]>
[2025-11-13T02:16:19.642+0000] {taskinstance.py:2170} INFO - Starting attempt 1 of 1
[2025-11-13T02:16:19.656+0000] {taskinstance.py:2191} INFO - Executing <Task(BashOperator): dbt_run> on 2025-11-13 02:16:12.989008+00:00
[2025-11-13T02:16:19.661+0000] {standard_task_runner.py:60} INFO - Started process 13252 to run task
[2025-11-13T02:16:19.664+0000] {standard_task_runner.py:87} INFO - Running: ['airflow', 'tasks', 'run', 'transform_bronze_to_silver_gold', 'dbt_run', 'manual__2025-11-13T02:16:12.989008+00:00', '--job-id', '32', '--raw', '--subdir', 'DAGS_FOLDER/transform_silver_gold_dbt_dag.py', '--cfg-path', '/tmp/tmprlbhihw3']
[2025-11-13T02:16:19.665+0000] {standard_task_runner.py:88} INFO - Job 32: Subtask dbt_run
[2025-11-13T02:16:19.696+0000] {logging_mixin.py:188} INFO - Changing /opt/airflow/logs/dag_id=transform_bronze_to_silver_gold/run_id=manual__2025-11-13T02:16:12.989008+00:00/task_id=dbt_run permission to 509
[2025-11-13T02:16:19.696+0000] {logging_mixin.py:188} INFO - Failed to change /opt/airflow/logs/dag_id=transform_bronze_to_silver_gold/run_id=manual__2025-11-13T02:16:12.989008+00:00/task_id=dbt_run permission to 509: [Errno 1] Operation not permitted: '/opt/airflow/logs/dag_id=transform_bronze_to_silver_gold/run_id=manual__2025-11-13T02:16:12.989008+00:00/task_id=dbt_run'
[2025-11-13T02:16:19.716+0000] {task_command.py:423} INFO - Running <TaskInstance: transform_bronze_to_silver_gold.dbt_run manual__2025-11-13T02:16:12.989008+00:00 [running]> on host 2fa63170b6f2
[2025-11-13T02:16:19.763+0000] {taskinstance.py:2480} INFO - Exporting env vars: AIRFLOW_CTX_DAG_OWNER='data-platform' AIRFLOW_CTX_DAG_ID='transform_bronze_to_silver_gold' AIRFLOW_CTX_TASK_ID='dbt_run' AIRFLOW_CTX_EXECUTION_DATE='2025-11-13T02:16:12.989008+00:00' AIRFLOW_CTX_TRY_NUMBER='1' AIRFLOW_CTX_DAG_RUN_ID='manual__2025-11-13T02:16:12.989008+00:00'
[2025-11-13T02:16:19.764+0000] {subprocess.py:63} INFO - Tmp dir root location: /tmp
[2025-11-13T02:16:19.765+0000] {subprocess.py:75} INFO - Running command: ['/usr/bin/bash', '-c', 'cd /opt/airflow/dbt && export DBT_PROFILES_DIR=/opt/airflow/dbt && /home/airflow/.local/bin/dbt run']
[2025-11-13T02:16:19.772+0000] {subprocess.py:86} INFO - Output:
[2025-11-13T02:16:21.057+0000] {subprocess.py:93} INFO - [0m02:16:21  Running with dbt=1.7.9
[2025-11-13T02:16:21.323+0000] {subprocess.py:93} INFO - [0m02:16:21  Registered adapter: duckdb=1.7.2
[2025-11-13T02:16:21.877+0000] {subprocess.py:93} INFO - [0m02:16:21  Found 12 models, 18 tests, 0 sources, 0 exposures, 0 metrics, 391 macros, 0 groups, 0 semantic models
[2025-11-13T02:16:21.882+0000] {subprocess.py:93} INFO - [0m02:16:21
[2025-11-13T02:16:22.344+0000] {subprocess.py:93} INFO - [0m02:16:22  Concurrency: 4 threads (target='dev')
[2025-11-13T02:16:22.345+0000] {subprocess.py:93} INFO - [0m02:16:22
[2025-11-13T02:16:22.355+0000] {subprocess.py:93} INFO - [0m02:16:22  1 of 12 START sql view model main_bronze.bronze_customers ...................... [RUN]
[2025-11-13T02:16:22.356+0000] {subprocess.py:93} INFO - [0m02:16:22  2 of 12 START sql view model main_bronze.bronze_order_items .................... [RUN]
[2025-11-13T02:16:22.358+0000] {subprocess.py:93} INFO - [0m02:16:22  3 of 12 START sql view model main_bronze.bronze_orders ......................... [RUN]
[2025-11-13T02:16:22.359+0000] {subprocess.py:93} INFO - [0m02:16:22  4 of 12 START sql view model main_bronze.bronze_payments ....................... [RUN]
[2025-11-13T02:16:22.645+0000] {subprocess.py:93} INFO - [0m02:16:22  3 of 12 OK created sql view model main_bronze.bronze_orders .................... [[32mOK[0m in 0.27s]
[2025-11-13T02:16:22.664+0000] {subprocess.py:93} INFO - [0m02:16:22  5 of 12 START sql view model main_bronze.bronze_products ....................... [RUN]
[2025-11-13T02:16:22.687+0000] {subprocess.py:93} INFO - [0m02:16:22  4 of 12 OK created sql view model main_bronze.bronze_payments .................. [[32mOK[0m in 0.32s]
[2025-11-13T02:16:22.699+0000] {subprocess.py:93} INFO - [0m02:16:22  2 of 12 OK created sql view model main_bronze.bronze_order_items ............... [[32mOK[0m in 0.33s]
[2025-11-13T02:16:22.718+0000] {subprocess.py:93} INFO - [0m02:16:22  6 of 12 START sql external model main_silver.silver_orders ..................... [RUN]
[2025-11-13T02:16:22.719+0000] {subprocess.py:93} INFO - [0m02:16:22  1 of 12 OK created sql view model main_bronze.bronze_customers ................. [[32mOK[0m in 0.35s]
[2025-11-13T02:16:22.724+0000] {subprocess.py:93} INFO - [0m02:16:22  7 of 12 START sql external model main_silver.silver_order_items ................ [RUN]
[2025-11-13T02:16:22.736+0000] {subprocess.py:93} INFO - [0m02:16:22  8 of 12 START sql external model main_silver.silver_customers .................. [RUN]
[2025-11-13T02:16:22.946+0000] {subprocess.py:93} INFO - [0m02:16:22  5 of 12 OK created sql view model main_bronze.bronze_products .................. [[32mOK[0m in 0.27s]
[2025-11-13T02:16:22.951+0000] {subprocess.py:93} INFO - [0m02:16:22  9 of 12 START sql external model main_silver.silver_products ................... [RUN]
[2025-11-13T02:16:23.231+0000] {subprocess.py:93} INFO - [0m02:16:23  8 of 12 OK created sql external model main_silver.silver_customers ............. [[32mOK[0m in 0.49s]
[2025-11-13T02:16:23.237+0000] {subprocess.py:93} INFO - [0m02:16:23  7 of 12 OK created sql external model main_silver.silver_order_items ........... [[32mOK[0m in 0.50s]
[2025-11-13T02:16:23.241+0000] {subprocess.py:93} INFO - [0m02:16:23  10 of 12 START sql external model main_gold.dim_customer ....................... [RUN]
[2025-11-13T02:16:23.291+0000] {subprocess.py:93} INFO - [0m02:16:23  6 of 12 OK created sql external model main_silver.silver_orders ................ [[32mOK[0m in 0.57s]
[2025-11-13T02:16:23.295+0000] {subprocess.py:93} INFO - [0m02:16:23  11 of 12 START sql external model main_gold.fct_orders ......................... [RUN]
[2025-11-13T02:16:23.350+0000] {subprocess.py:93} INFO - [0m02:16:23  9 of 12 OK created sql external model main_silver.silver_products .............. [[32mOK[0m in 0.40s]
[2025-11-13T02:16:23.355+0000] {subprocess.py:93} INFO - [0m02:16:23  12 of 12 START sql external model main_gold.dim_product ........................ [RUN]
[2025-11-13T02:16:23.614+0000] {subprocess.py:93} INFO - [0m02:16:23  10 of 12 OK created sql external model main_gold.dim_customer .................. [[32mOK[0m in 0.37s]
[2025-11-13T02:16:23.684+0000] {subprocess.py:93} INFO - [0m02:16:23  12 of 12 OK created sql external model main_gold.dim_product ................... [[32mOK[0m in 0.33s]
[2025-11-13T02:16:23.828+0000] {subprocess.py:93} INFO - [0m02:16:23  11 of 12 OK created sql external model main_gold.fct_orders .................... [[32mOK[0m in 0.53s]
[2025-11-13T02:16:23.893+0000] {subprocess.py:93} INFO - [0m02:16:23
[2025-11-13T02:16:23.895+0000] {subprocess.py:93} INFO - [0m02:16:23  Finished running 5 view models, 7 external models in 0 hours 0 minutes and 2.01 seconds (2.01s).
[2025-11-13T02:16:23.921+0000] {subprocess.py:93} INFO - [0m02:16:23
[2025-11-13T02:16:23.922+0000] {subprocess.py:93} INFO - [0m02:16:23  [32mCompleted successfully[0m
[2025-11-13T02:16:23.924+0000] {subprocess.py:93} INFO - [0m02:16:23
[2025-11-13T02:16:23.925+0000] {subprocess.py:93} INFO - [0m02:16:23  Done. PASS=12 WARN=0 ERROR=0 SKIP=0 TOTAL=12
[2025-11-13T02:16:24.779+0000] {subprocess.py:97} INFO - Command exited with return code 0
[2025-11-13T02:16:24.789+0000] {taskinstance.py:1138} INFO - Marking task as SUCCESS. dag_id=transform_bronze_to_silver_gold, task_id=dbt_run, execution_date=20251113T021612, start_date=20251113T021619, end_date=20251113T021624
[2025-11-13T02:16:24.805+0000] {local_task_job_runner.py:234} INFO - Task exited with return code 0
[2025-11-13T02:16:24.811+0000] {taskinstance.py:3280} INFO - 1 downstream tasks scheduled from follow-on schedule check
