[2025-11-13T01:59:13.154+0000] {logging_mixin.py:188} INFO - Changing /opt/airflow/logs/dag_id=transform_bronze_to_silver_gold/run_id=manual__2025-11-13T01:59:10+00:00/task_id=dbt_deps permission to 509
[2025-11-13T01:59:13.155+0000] {logging_mixin.py:188} INFO - Failed to change /opt/airflow/logs/dag_id=transform_bronze_to_silver_gold/run_id=manual__2025-11-13T01:59:10+00:00/task_id=dbt_deps permission to 509: [Errno 1] Operation not permitted: '/opt/airflow/logs/dag_id=transform_bronze_to_silver_gold/run_id=manual__2025-11-13T01:59:10+00:00/task_id=dbt_deps'
[2025-11-13T01:59:13.191+0000] {logging_mixin.py:188} INFO - Changing /opt/airflow/logs/dag_id=transform_bronze_to_silver_gold/run_id=manual__2025-11-13T01:59:10+00:00/task_id=dbt_deps permission to 509
[2025-11-13T01:59:13.192+0000] {logging_mixin.py:188} INFO - Failed to change /opt/airflow/logs/dag_id=transform_bronze_to_silver_gold/run_id=manual__2025-11-13T01:59:10+00:00/task_id=dbt_deps permission to 509: [Errno 1] Operation not permitted: '/opt/airflow/logs/dag_id=transform_bronze_to_silver_gold/run_id=manual__2025-11-13T01:59:10+00:00/task_id=dbt_deps'
[2025-11-13T01:59:13.227+0000] {taskinstance.py:1956} INFO - Dependencies all met for dep_context=non-requeueable deps ti=<TaskInstance: transform_bronze_to_silver_gold.dbt_deps manual__2025-11-13T01:59:10+00:00 [queued]>
[2025-11-13T01:59:13.230+0000] {taskinstance.py:1956} INFO - Dependencies all met for dep_context=requeueable deps ti=<TaskInstance: transform_bronze_to_silver_gold.dbt_deps manual__2025-11-13T01:59:10+00:00 [queued]>
[2025-11-13T01:59:13.231+0000] {taskinstance.py:2170} INFO - Starting attempt 1 of 1
[2025-11-13T01:59:13.240+0000] {taskinstance.py:2191} INFO - Executing <Task(BashOperator): dbt_deps> on 2025-11-13 01:59:10+00:00
[2025-11-13T01:59:13.244+0000] {standard_task_runner.py:60} INFO - Started process 10674 to run task
[2025-11-13T01:59:13.247+0000] {standard_task_runner.py:87} INFO - Running: ['airflow', 'tasks', 'run', 'transform_bronze_to_silver_gold', 'dbt_deps', 'manual__2025-11-13T01:59:10+00:00', '--job-id', '25', '--raw', '--subdir', 'DAGS_FOLDER/transform_silver_gold_dbt_dag.py', '--cfg-path', '/tmp/tmp_3387r3z']
[2025-11-13T01:59:13.248+0000] {standard_task_runner.py:88} INFO - Job 25: Subtask dbt_deps
[2025-11-13T01:59:13.271+0000] {logging_mixin.py:188} INFO - Changing /opt/airflow/logs/dag_id=transform_bronze_to_silver_gold/run_id=manual__2025-11-13T01:59:10+00:00/task_id=dbt_deps permission to 509
[2025-11-13T01:59:13.272+0000] {logging_mixin.py:188} INFO - Failed to change /opt/airflow/logs/dag_id=transform_bronze_to_silver_gold/run_id=manual__2025-11-13T01:59:10+00:00/task_id=dbt_deps permission to 509: [Errno 1] Operation not permitted: '/opt/airflow/logs/dag_id=transform_bronze_to_silver_gold/run_id=manual__2025-11-13T01:59:10+00:00/task_id=dbt_deps'
[2025-11-13T01:59:13.290+0000] {task_command.py:423} INFO - Running <TaskInstance: transform_bronze_to_silver_gold.dbt_deps manual__2025-11-13T01:59:10+00:00 [running]> on host 2fa63170b6f2
[2025-11-13T01:59:13.326+0000] {taskinstance.py:2480} INFO - Exporting env vars: AIRFLOW_CTX_DAG_OWNER='data-platform' AIRFLOW_CTX_DAG_ID='transform_bronze_to_silver_gold' AIRFLOW_CTX_TASK_ID='dbt_deps' AIRFLOW_CTX_EXECUTION_DATE='2025-11-13T01:59:10+00:00' AIRFLOW_CTX_TRY_NUMBER='1' AIRFLOW_CTX_DAG_RUN_ID='manual__2025-11-13T01:59:10+00:00'
[2025-11-13T01:59:13.327+0000] {subprocess.py:63} INFO - Tmp dir root location: /tmp
[2025-11-13T01:59:13.328+0000] {subprocess.py:75} INFO - Running command: ['/usr/bin/bash', '-c', 'cd /opt/airflow/dbt && export DBT_PROFILES_DIR=/opt/airflow/dbt && /home/airflow/.local/bin/dbt deps']
[2025-11-13T01:59:13.334+0000] {subprocess.py:86} INFO - Output:
[2025-11-13T01:59:14.496+0000] {subprocess.py:93} INFO - [0m01:59:14  Running with dbt=1.7.9
[2025-11-13T01:59:14.557+0000] {subprocess.py:93} INFO - [0m01:59:14  Warning: No packages were found in packages.yml
[2025-11-13T01:59:14.569+0000] {subprocess.py:93} INFO - [0m01:59:14  Warning: No packages were found in packages.yml
[2025-11-13T01:59:15.260+0000] {subprocess.py:97} INFO - Command exited with return code 0
[2025-11-13T01:59:15.273+0000] {taskinstance.py:1138} INFO - Marking task as SUCCESS. dag_id=transform_bronze_to_silver_gold, task_id=dbt_deps, execution_date=20251113T015910, start_date=20251113T015913, end_date=20251113T015915
[2025-11-13T01:59:15.308+0000] {local_task_job_runner.py:234} INFO - Task exited with return code 0
[2025-11-13T01:59:15.317+0000] {taskinstance.py:3280} INFO - 1 downstream tasks scheduled from follow-on schedule check
