[2025-11-13T02:12:43.576+0000] {logging_mixin.py:188} INFO - Changing /opt/airflow/logs/dag_id=transform_bronze_to_silver_gold/run_id=manual__2025-11-13T02:12:35.406281+00:00/task_id=dbt_run permission to 509
[2025-11-13T02:12:43.577+0000] {logging_mixin.py:188} INFO - Failed to change /opt/airflow/logs/dag_id=transform_bronze_to_silver_gold/run_id=manual__2025-11-13T02:12:35.406281+00:00/task_id=dbt_run permission to 509: [Errno 1] Operation not permitted: '/opt/airflow/logs/dag_id=transform_bronze_to_silver_gold/run_id=manual__2025-11-13T02:12:35.406281+00:00/task_id=dbt_run'
[2025-11-13T02:12:43.601+0000] {logging_mixin.py:188} INFO - Changing /opt/airflow/logs/dag_id=transform_bronze_to_silver_gold/run_id=manual__2025-11-13T02:12:35.406281+00:00/task_id=dbt_run permission to 509
[2025-11-13T02:12:43.602+0000] {logging_mixin.py:188} INFO - Failed to change /opt/airflow/logs/dag_id=transform_bronze_to_silver_gold/run_id=manual__2025-11-13T02:12:35.406281+00:00/task_id=dbt_run permission to 509: [Errno 1] Operation not permitted: '/opt/airflow/logs/dag_id=transform_bronze_to_silver_gold/run_id=manual__2025-11-13T02:12:35.406281+00:00/task_id=dbt_run'
[2025-11-13T02:12:43.630+0000] {taskinstance.py:1956} INFO - Dependencies all met for dep_context=non-requeueable deps ti=<TaskInstance: transform_bronze_to_silver_gold.dbt_run manual__2025-11-13T02:12:35.406281+00:00 [queued]>
[2025-11-13T02:12:43.634+0000] {taskinstance.py:1956} INFO - Dependencies all met for dep_context=requeueable deps ti=<TaskInstance: transform_bronze_to_silver_gold.dbt_run manual__2025-11-13T02:12:35.406281+00:00 [queued]>
[2025-11-13T02:12:43.634+0000] {taskinstance.py:2170} INFO - Starting attempt 1 of 1
[2025-11-13T02:12:43.641+0000] {taskinstance.py:2191} INFO - Executing <Task(BashOperator): dbt_run> on 2025-11-13 02:12:35.406281+00:00
[2025-11-13T02:12:43.645+0000] {standard_task_runner.py:60} INFO - Started process 12006 to run task
[2025-11-13T02:12:43.647+0000] {standard_task_runner.py:87} INFO - Running: ['airflow', 'tasks', 'run', 'transform_bronze_to_silver_gold', 'dbt_run', 'manual__2025-11-13T02:12:35.406281+00:00', '--job-id', '29', '--raw', '--subdir', 'DAGS_FOLDER/transform_silver_gold_dbt_dag.py', '--cfg-path', '/tmp/tmpsorppfz1']
[2025-11-13T02:12:43.649+0000] {standard_task_runner.py:88} INFO - Job 29: Subtask dbt_run
[2025-11-13T02:12:43.670+0000] {logging_mixin.py:188} INFO - Changing /opt/airflow/logs/dag_id=transform_bronze_to_silver_gold/run_id=manual__2025-11-13T02:12:35.406281+00:00/task_id=dbt_run permission to 509
[2025-11-13T02:12:43.671+0000] {logging_mixin.py:188} INFO - Failed to change /opt/airflow/logs/dag_id=transform_bronze_to_silver_gold/run_id=manual__2025-11-13T02:12:35.406281+00:00/task_id=dbt_run permission to 509: [Errno 1] Operation not permitted: '/opt/airflow/logs/dag_id=transform_bronze_to_silver_gold/run_id=manual__2025-11-13T02:12:35.406281+00:00/task_id=dbt_run'
[2025-11-13T02:12:43.689+0000] {task_command.py:423} INFO - Running <TaskInstance: transform_bronze_to_silver_gold.dbt_run manual__2025-11-13T02:12:35.406281+00:00 [running]> on host 2fa63170b6f2
[2025-11-13T02:12:43.723+0000] {taskinstance.py:2480} INFO - Exporting env vars: AIRFLOW_CTX_DAG_OWNER='data-platform' AIRFLOW_CTX_DAG_ID='transform_bronze_to_silver_gold' AIRFLOW_CTX_TASK_ID='dbt_run' AIRFLOW_CTX_EXECUTION_DATE='2025-11-13T02:12:35.406281+00:00' AIRFLOW_CTX_TRY_NUMBER='1' AIRFLOW_CTX_DAG_RUN_ID='manual__2025-11-13T02:12:35.406281+00:00'
[2025-11-13T02:12:43.724+0000] {subprocess.py:63} INFO - Tmp dir root location: /tmp
[2025-11-13T02:12:43.725+0000] {subprocess.py:75} INFO - Running command: ['/usr/bin/bash', '-c', 'cd /opt/airflow/dbt && export DBT_PROFILES_DIR=/opt/airflow/dbt && /home/airflow/.local/bin/dbt run']
[2025-11-13T02:12:43.731+0000] {subprocess.py:86} INFO - Output:
[2025-11-13T02:12:44.936+0000] {subprocess.py:93} INFO - [0m02:12:44  Running with dbt=1.7.9
[2025-11-13T02:12:45.207+0000] {subprocess.py:93} INFO - [0m02:12:45  Registered adapter: duckdb=1.7.2
[2025-11-13T02:12:45.673+0000] {subprocess.py:93} INFO - [0m02:12:45  Found 12 models, 18 tests, 0 sources, 0 exposures, 0 metrics, 391 macros, 0 groups, 0 semantic models
[2025-11-13T02:12:45.677+0000] {subprocess.py:93} INFO - [0m02:12:45
[2025-11-13T02:12:46.085+0000] {subprocess.py:93} INFO - [0m02:12:46  Concurrency: 4 threads (target='dev')
[2025-11-13T02:12:46.087+0000] {subprocess.py:93} INFO - [0m02:12:46
[2025-11-13T02:12:46.095+0000] {subprocess.py:93} INFO - [0m02:12:46  1 of 12 START sql view model main_bronze.bronze_customers ...................... [RUN]
[2025-11-13T02:12:46.096+0000] {subprocess.py:93} INFO - [0m02:12:46  2 of 12 START sql view model main_bronze.bronze_order_items .................... [RUN]
[2025-11-13T02:12:46.098+0000] {subprocess.py:93} INFO - [0m02:12:46  3 of 12 START sql view model main_bronze.bronze_orders ......................... [RUN]
[2025-11-13T02:12:46.099+0000] {subprocess.py:93} INFO - [0m02:12:46  4 of 12 START sql view model main_bronze.bronze_payments ....................... [RUN]
[2025-11-13T02:12:46.451+0000] {subprocess.py:93} INFO - [0m02:12:46  3 of 12 OK created sql view model main_bronze.bronze_orders .................... [[32mOK[0m in 0.34s]
[2025-11-13T02:12:46.472+0000] {subprocess.py:93} INFO - [0m02:12:46  5 of 12 START sql view model main_bronze.bronze_products ....................... [RUN]
[2025-11-13T02:12:46.480+0000] {subprocess.py:93} INFO - [0m02:12:46  2 of 12 OK created sql view model main_bronze.bronze_order_items ............... [[32mOK[0m in 0.37s]
[2025-11-13T02:12:46.506+0000] {subprocess.py:93} INFO - [0m02:12:46  1 of 12 OK created sql view model main_bronze.bronze_customers ................. [[32mOK[0m in 0.39s]
[2025-11-13T02:12:46.509+0000] {subprocess.py:93} INFO - [0m02:12:46  4 of 12 OK created sql view model main_bronze.bronze_payments .................. [[32mOK[0m in 0.40s]
[2025-11-13T02:12:46.512+0000] {subprocess.py:93} INFO - [0m02:12:46  6 of 12 START sql external model main_silver.silver_order_items ................ [RUN]
[2025-11-13T02:12:46.521+0000] {subprocess.py:93} INFO - [0m02:12:46  7 of 12 START sql external model main_silver.silver_customers .................. [RUN]
[2025-11-13T02:12:46.523+0000] {subprocess.py:93} INFO - [0m02:12:46  8 of 12 START sql external model main_silver.silver_orders ..................... [RUN]
[2025-11-13T02:12:46.744+0000] {subprocess.py:93} INFO - [0m02:12:46  5 of 12 OK created sql view model main_bronze.bronze_products .................. [[32mOK[0m in 0.27s]
[2025-11-13T02:12:46.749+0000] {subprocess.py:93} INFO - [0m02:12:46  9 of 12 START sql external model main_silver.silver_products ................... [RUN]
[2025-11-13T02:12:47.026+0000] {subprocess.py:93} INFO - [0m02:12:47  7 of 12 OK created sql external model main_silver.silver_customers ............. [[32mOK[0m in 0.49s]
[2025-11-13T02:12:47.036+0000] {subprocess.py:93} INFO - [0m02:12:47  10 of 12 START sql external model main_gold.dim_customer ....................... [RUN]
[2025-11-13T02:12:47.047+0000] {subprocess.py:93} INFO - [0m02:12:47  6 of 12 OK created sql external model main_silver.silver_order_items ........... [[32mOK[0m in 0.53s]
[2025-11-13T02:12:47.111+0000] {subprocess.py:93} INFO - [0m02:12:47  8 of 12 OK created sql external model main_silver.silver_orders ................ [[32mOK[0m in 0.58s]
[2025-11-13T02:12:47.116+0000] {subprocess.py:93} INFO - [0m02:12:47  11 of 12 START sql external model main_gold.fct_orders ......................... [RUN]
[2025-11-13T02:12:47.185+0000] {subprocess.py:93} INFO - [0m02:12:47  9 of 12 OK created sql external model main_silver.silver_products .............. [[32mOK[0m in 0.43s]
[2025-11-13T02:12:47.190+0000] {subprocess.py:93} INFO - [0m02:12:47  12 of 12 START sql external model main_gold.dim_product ........................ [RUN]
[2025-11-13T02:12:47.493+0000] {subprocess.py:93} INFO - [0m02:12:47  10 of 12 OK created sql external model main_gold.dim_customer .................. [[32mOK[0m in 0.45s]
[2025-11-13T02:12:47.579+0000] {subprocess.py:93} INFO - [0m02:12:47  12 of 12 OK created sql external model main_gold.dim_product ................... [[32mOK[0m in 0.39s]
[2025-11-13T02:12:47.742+0000] {subprocess.py:93} INFO - [0m02:12:47  11 of 12 OK created sql external model main_gold.fct_orders .................... [[32mOK[0m in 0.62s]
[2025-11-13T02:12:47.805+0000] {subprocess.py:93} INFO - [0m02:12:47
[2025-11-13T02:12:47.806+0000] {subprocess.py:93} INFO - [0m02:12:47  Finished running 5 view models, 7 external models in 0 hours 0 minutes and 2.13 seconds (2.13s).
[2025-11-13T02:12:47.836+0000] {subprocess.py:93} INFO - [0m02:12:47
[2025-11-13T02:12:47.837+0000] {subprocess.py:93} INFO - [0m02:12:47  [32mCompleted successfully[0m
[2025-11-13T02:12:47.839+0000] {subprocess.py:93} INFO - [0m02:12:47
[2025-11-13T02:12:47.840+0000] {subprocess.py:93} INFO - [0m02:12:47  Done. PASS=12 WARN=0 ERROR=0 SKIP=0 TOTAL=12
[2025-11-13T02:12:48.681+0000] {subprocess.py:97} INFO - Command exited with return code 0
[2025-11-13T02:12:48.700+0000] {taskinstance.py:1138} INFO - Marking task as SUCCESS. dag_id=transform_bronze_to_silver_gold, task_id=dbt_run, execution_date=20251113T021235, start_date=20251113T021243, end_date=20251113T021248
[2025-11-13T02:12:48.716+0000] {local_task_job_runner.py:234} INFO - Task exited with return code 0
[2025-11-13T02:12:48.723+0000] {taskinstance.py:3280} INFO - 1 downstream tasks scheduled from follow-on schedule check
