[2025-11-13T04:58:59.515+0000] {logging_mixin.py:188} INFO - Changing /opt/airflow/logs/dag_id=transform_bronze_to_silver_gold/run_id=manual__2025-11-13T04:58:52.438596+00:00/task_id=dbt_run permission to 509
[2025-11-13T04:58:59.515+0000] {logging_mixin.py:188} INFO - Failed to change /opt/airflow/logs/dag_id=transform_bronze_to_silver_gold/run_id=manual__2025-11-13T04:58:52.438596+00:00/task_id=dbt_run permission to 509: [Errno 1] Operation not permitted: '/opt/airflow/logs/dag_id=transform_bronze_to_silver_gold/run_id=manual__2025-11-13T04:58:52.438596+00:00/task_id=dbt_run'
[2025-11-13T04:58:59.542+0000] {logging_mixin.py:188} INFO - Changing /opt/airflow/logs/dag_id=transform_bronze_to_silver_gold/run_id=manual__2025-11-13T04:58:52.438596+00:00/task_id=dbt_run permission to 509
[2025-11-13T04:58:59.543+0000] {logging_mixin.py:188} INFO - Failed to change /opt/airflow/logs/dag_id=transform_bronze_to_silver_gold/run_id=manual__2025-11-13T04:58:52.438596+00:00/task_id=dbt_run permission to 509: [Errno 1] Operation not permitted: '/opt/airflow/logs/dag_id=transform_bronze_to_silver_gold/run_id=manual__2025-11-13T04:58:52.438596+00:00/task_id=dbt_run'
[2025-11-13T04:58:59.566+0000] {taskinstance.py:1956} INFO - Dependencies all met for dep_context=non-requeueable deps ti=<TaskInstance: transform_bronze_to_silver_gold.dbt_run manual__2025-11-13T04:58:52.438596+00:00 [queued]>
[2025-11-13T04:58:59.569+0000] {taskinstance.py:1956} INFO - Dependencies all met for dep_context=requeueable deps ti=<TaskInstance: transform_bronze_to_silver_gold.dbt_run manual__2025-11-13T04:58:52.438596+00:00 [queued]>
[2025-11-13T04:58:59.570+0000] {taskinstance.py:2170} INFO - Starting attempt 1 of 1
[2025-11-13T04:58:59.578+0000] {taskinstance.py:2191} INFO - Executing <Task(BashOperator): dbt_run> on 2025-11-13 04:58:52.438596+00:00
[2025-11-13T04:58:59.581+0000] {standard_task_runner.py:60} INFO - Started process 15289 to run task
[2025-11-13T04:58:59.583+0000] {standard_task_runner.py:87} INFO - Running: ['airflow', 'tasks', 'run', 'transform_bronze_to_silver_gold', 'dbt_run', 'manual__2025-11-13T04:58:52.438596+00:00', '--job-id', '35', '--raw', '--subdir', 'DAGS_FOLDER/transform_silver_gold_dbt_dag.py', '--cfg-path', '/tmp/tmpb_wx8h6q']
[2025-11-13T04:58:59.585+0000] {standard_task_runner.py:88} INFO - Job 35: Subtask dbt_run
[2025-11-13T04:58:59.601+0000] {logging_mixin.py:188} INFO - Changing /opt/airflow/logs/dag_id=transform_bronze_to_silver_gold/run_id=manual__2025-11-13T04:58:52.438596+00:00/task_id=dbt_run permission to 509
[2025-11-13T04:58:59.602+0000] {logging_mixin.py:188} INFO - Failed to change /opt/airflow/logs/dag_id=transform_bronze_to_silver_gold/run_id=manual__2025-11-13T04:58:52.438596+00:00/task_id=dbt_run permission to 509: [Errno 1] Operation not permitted: '/opt/airflow/logs/dag_id=transform_bronze_to_silver_gold/run_id=manual__2025-11-13T04:58:52.438596+00:00/task_id=dbt_run'
[2025-11-13T04:58:59.626+0000] {task_command.py:423} INFO - Running <TaskInstance: transform_bronze_to_silver_gold.dbt_run manual__2025-11-13T04:58:52.438596+00:00 [running]> on host 2fa63170b6f2
[2025-11-13T04:58:59.655+0000] {taskinstance.py:2480} INFO - Exporting env vars: AIRFLOW_CTX_DAG_OWNER='data-platform' AIRFLOW_CTX_DAG_ID='transform_bronze_to_silver_gold' AIRFLOW_CTX_TASK_ID='dbt_run' AIRFLOW_CTX_EXECUTION_DATE='2025-11-13T04:58:52.438596+00:00' AIRFLOW_CTX_TRY_NUMBER='1' AIRFLOW_CTX_DAG_RUN_ID='manual__2025-11-13T04:58:52.438596+00:00'
[2025-11-13T04:58:59.656+0000] {subprocess.py:63} INFO - Tmp dir root location: /tmp
[2025-11-13T04:58:59.657+0000] {subprocess.py:75} INFO - Running command: ['/usr/bin/bash', '-c', 'cd /opt/airflow/dbt && export DBT_PROFILES_DIR=/opt/airflow/dbt && /home/airflow/.local/bin/dbt run']
[2025-11-13T04:58:59.662+0000] {subprocess.py:86} INFO - Output:
[2025-11-13T04:59:00.663+0000] {subprocess.py:93} INFO - [0m04:59:00  Running with dbt=1.7.9
[2025-11-13T04:59:00.911+0000] {subprocess.py:93} INFO - [0m04:59:00  Registered adapter: duckdb=1.7.2
[2025-11-13T04:59:01.412+0000] {subprocess.py:93} INFO - [0m04:59:01  Found 12 models, 18 tests, 0 sources, 0 exposures, 0 metrics, 391 macros, 0 groups, 0 semantic models
[2025-11-13T04:59:01.417+0000] {subprocess.py:93} INFO - [0m04:59:01
[2025-11-13T04:59:01.788+0000] {subprocess.py:93} INFO - [0m04:59:01  Concurrency: 4 threads (target='dev')
[2025-11-13T04:59:01.790+0000] {subprocess.py:93} INFO - [0m04:59:01
[2025-11-13T04:59:01.799+0000] {subprocess.py:93} INFO - [0m04:59:01  1 of 12 START sql view model main_bronze.bronze_customers ...................... [RUN]
[2025-11-13T04:59:01.800+0000] {subprocess.py:93} INFO - [0m04:59:01  2 of 12 START sql view model main_bronze.bronze_order_items .................... [RUN]
[2025-11-13T04:59:01.801+0000] {subprocess.py:93} INFO - [0m04:59:01  3 of 12 START sql view model main_bronze.bronze_orders ......................... [RUN]
[2025-11-13T04:59:01.803+0000] {subprocess.py:93} INFO - [0m04:59:01  4 of 12 START sql view model main_bronze.bronze_payments ....................... [RUN]
[2025-11-13T04:59:02.096+0000] {subprocess.py:93} INFO - [0m04:59:02  2 of 12 OK created sql view model main_bronze.bronze_order_items ............... [[32mOK[0m in 0.28s]
[2025-11-13T04:59:02.120+0000] {subprocess.py:93} INFO - [0m04:59:02  5 of 12 START sql view model main_bronze.bronze_products ....................... [RUN]
[2025-11-13T04:59:02.163+0000] {subprocess.py:93} INFO - [0m04:59:02  1 of 12 OK created sql view model main_bronze.bronze_customers ................. [[32mOK[0m in 0.35s]
[2025-11-13T04:59:02.183+0000] {subprocess.py:93} INFO - [0m04:59:02  4 of 12 OK created sql view model main_bronze.bronze_payments .................. [[32mOK[0m in 0.36s]
[2025-11-13T04:59:02.190+0000] {subprocess.py:93} INFO - [0m04:59:02  3 of 12 OK created sql view model main_bronze.bronze_orders .................... [[32mOK[0m in 0.37s]
[2025-11-13T04:59:02.193+0000] {subprocess.py:93} INFO - [0m04:59:02  6 of 12 START sql external model main_silver.silver_order_items ................ [RUN]
[2025-11-13T04:59:02.203+0000] {subprocess.py:93} INFO - [0m04:59:02  7 of 12 START sql external model main_silver.silver_customers .................. [RUN]
[2025-11-13T04:59:02.206+0000] {subprocess.py:93} INFO - [0m04:59:02  8 of 12 START sql external model main_silver.silver_orders ..................... [RUN]
[2025-11-13T04:59:02.402+0000] {subprocess.py:93} INFO - [0m04:59:02  5 of 12 OK created sql view model main_bronze.bronze_products .................. [[32mOK[0m in 0.28s]
[2025-11-13T04:59:02.407+0000] {subprocess.py:93} INFO - [0m04:59:02  9 of 12 START sql external model main_silver.silver_products ................... [RUN]
[2025-11-13T04:59:02.712+0000] {subprocess.py:93} INFO - [0m04:59:02  6 of 12 OK created sql external model main_silver.silver_order_items ........... [[32mOK[0m in 0.51s]
[2025-11-13T04:59:02.738+0000] {subprocess.py:93} INFO - [0m04:59:02  7 of 12 OK created sql external model main_silver.silver_customers ............. [[32mOK[0m in 0.53s]
[2025-11-13T04:59:02.748+0000] {subprocess.py:93} INFO - [0m04:59:02  10 of 12 START sql external model main_gold.dim_customer ....................... [RUN]
[2025-11-13T04:59:02.810+0000] {subprocess.py:93} INFO - [0m04:59:02  8 of 12 OK created sql external model main_silver.silver_orders ................ [[32mOK[0m in 0.59s]
[2025-11-13T04:59:02.822+0000] {subprocess.py:93} INFO - [0m04:59:02  11 of 12 START sql external model main_gold.fct_orders ......................... [RUN]
[2025-11-13T04:59:02.860+0000] {subprocess.py:93} INFO - [0m04:59:02  9 of 12 OK created sql external model main_silver.silver_products .............. [[32mOK[0m in 0.45s]
[2025-11-13T04:59:02.867+0000] {subprocess.py:93} INFO - [0m04:59:02  12 of 12 START sql external model main_gold.dim_product ........................ [RUN]
[2025-11-13T04:59:03.248+0000] {subprocess.py:93} INFO - [0m04:59:03  10 of 12 OK created sql external model main_gold.dim_customer .................. [[32mOK[0m in 0.49s]
[2025-11-13T04:59:03.274+0000] {subprocess.py:93} INFO - [0m04:59:03  12 of 12 OK created sql external model main_gold.dim_product ................... [[32mOK[0m in 0.40s]
[2025-11-13T04:59:03.449+0000] {subprocess.py:93} INFO - [0m04:59:03  11 of 12 OK created sql external model main_gold.fct_orders .................... [[32mOK[0m in 0.62s]
[2025-11-13T04:59:03.511+0000] {subprocess.py:93} INFO - [0m04:59:03
[2025-11-13T04:59:03.512+0000] {subprocess.py:93} INFO - [0m04:59:03  Finished running 5 view models, 7 external models in 0 hours 0 minutes and 2.09 seconds (2.09s).
[2025-11-13T04:59:03.540+0000] {subprocess.py:93} INFO - [0m04:59:03
[2025-11-13T04:59:03.542+0000] {subprocess.py:93} INFO - [0m04:59:03  [32mCompleted successfully[0m
[2025-11-13T04:59:03.544+0000] {subprocess.py:93} INFO - [0m04:59:03
[2025-11-13T04:59:03.545+0000] {subprocess.py:93} INFO - [0m04:59:03  Done. PASS=12 WARN=0 ERROR=0 SKIP=0 TOTAL=12
[2025-11-13T04:59:04.365+0000] {subprocess.py:97} INFO - Command exited with return code 0
[2025-11-13T04:59:04.375+0000] {taskinstance.py:1138} INFO - Marking task as SUCCESS. dag_id=transform_bronze_to_silver_gold, task_id=dbt_run, execution_date=20251113T045852, start_date=20251113T045859, end_date=20251113T045904
[2025-11-13T04:59:04.415+0000] {local_task_job_runner.py:234} INFO - Task exited with return code 0
[2025-11-13T04:59:04.424+0000] {taskinstance.py:3280} INFO - 1 downstream tasks scheduled from follow-on schedule check
