[2025-11-13T01:34:01.402+0000] {logging_mixin.py:188} INFO - Changing /opt/airflow/logs/dag_id=transform_bronze_to_silver_gold/run_id=__airflow_temporary_run_2025-11-13T01:33:59.368063+00:00__/task_id=dbt_deps permission to 509
[2025-11-13T01:34:01.403+0000] {logging_mixin.py:188} INFO - Failed to change /opt/airflow/logs/dag_id=transform_bronze_to_silver_gold/run_id=__airflow_temporary_run_2025-11-13T01:33:59.368063+00:00__/task_id=dbt_deps permission to 509: [Errno 1] Operation not permitted: '/opt/airflow/logs/dag_id=transform_bronze_to_silver_gold/run_id=__airflow_temporary_run_2025-11-13T01:33:59.368063+00:00__/task_id=dbt_deps'
[2025-11-13T01:34:01.431+0000] {logging_mixin.py:188} INFO - Changing /opt/airflow/logs/dag_id=transform_bronze_to_silver_gold/run_id=__airflow_temporary_run_2025-11-13T01:33:59.368063+00:00__/task_id=dbt_deps permission to 509
[2025-11-13T01:34:01.431+0000] {logging_mixin.py:188} INFO - Failed to change /opt/airflow/logs/dag_id=transform_bronze_to_silver_gold/run_id=__airflow_temporary_run_2025-11-13T01:33:59.368063+00:00__/task_id=dbt_deps permission to 509: [Errno 1] Operation not permitted: '/opt/airflow/logs/dag_id=transform_bronze_to_silver_gold/run_id=__airflow_temporary_run_2025-11-13T01:33:59.368063+00:00__/task_id=dbt_deps'
[2025-11-13T01:34:01.461+0000] {taskinstance.py:1956} INFO - Dependencies all met for dep_context=non-requeueable deps ti=<TaskInstance: transform_bronze_to_silver_gold.dbt_deps __airflow_temporary_run_2025-11-13T01:33:59.368063+00:00__ [queued]>
[2025-11-13T01:34:01.463+0000] {taskinstance.py:1956} INFO - Dependencies all met for dep_context=requeueable deps ti=<TaskInstance: transform_bronze_to_silver_gold.dbt_deps __airflow_temporary_run_2025-11-13T01:33:59.368063+00:00__ [queued]>
[2025-11-13T01:34:01.464+0000] {taskinstance.py:2170} INFO - Starting attempt 1 of 1
[2025-11-13T01:34:01.470+0000] {taskinstance.py:2191} INFO - Executing <Task(BashOperator): dbt_deps> on 2025-11-13 00:00:00+00:00
[2025-11-13T01:34:01.473+0000] {standard_task_runner.py:60} INFO - Started process 990 to run task
[2025-11-13T01:34:01.475+0000] {standard_task_runner.py:87} INFO - Running: ['airflow', 'tasks', 'run', 'transform_bronze_to_silver_gold', 'dbt_deps', '__airflow_temporary_run_2025-11-13T01:33:59.368063+00:00__', '--job-id', '12', '--raw', '--subdir', 'DAGS_FOLDER/transform_silver_gold_dbt_dag.py', '--cfg-path', '/tmp/tmpwpgckood']
[2025-11-13T01:34:01.477+0000] {standard_task_runner.py:88} INFO - Job 12: Subtask dbt_deps
[2025-11-13T01:34:01.500+0000] {logging_mixin.py:188} INFO - Changing /opt/airflow/logs/dag_id=transform_bronze_to_silver_gold/run_id=__airflow_temporary_run_2025-11-13T01:33:59.368063+00:00__/task_id=dbt_deps permission to 509
[2025-11-13T01:34:01.500+0000] {logging_mixin.py:188} INFO - Failed to change /opt/airflow/logs/dag_id=transform_bronze_to_silver_gold/run_id=__airflow_temporary_run_2025-11-13T01:33:59.368063+00:00__/task_id=dbt_deps permission to 509: [Errno 1] Operation not permitted: '/opt/airflow/logs/dag_id=transform_bronze_to_silver_gold/run_id=__airflow_temporary_run_2025-11-13T01:33:59.368063+00:00__/task_id=dbt_deps'
[2025-11-13T01:34:01.521+0000] {task_command.py:423} INFO - Running <TaskInstance: transform_bronze_to_silver_gold.dbt_deps __airflow_temporary_run_2025-11-13T01:33:59.368063+00:00__ [running]> on host 2fa63170b6f2
[2025-11-13T01:34:01.550+0000] {taskinstance.py:2480} INFO - Exporting env vars: AIRFLOW_CTX_DAG_OWNER='data-platform' AIRFLOW_CTX_DAG_ID='transform_bronze_to_silver_gold' AIRFLOW_CTX_TASK_ID='dbt_deps' AIRFLOW_CTX_EXECUTION_DATE='2025-11-13T00:00:00+00:00' AIRFLOW_CTX_TRY_NUMBER='1' AIRFLOW_CTX_DAG_RUN_ID='__airflow_temporary_run_2025-11-13T01:33:59.368063+00:00__'
[2025-11-13T01:34:01.551+0000] {subprocess.py:63} INFO - Tmp dir root location: /tmp
[2025-11-13T01:34:01.552+0000] {subprocess.py:75} INFO - Running command: ['/usr/bin/bash', '-c', 'cd /opt/airflow/dbt && export DBT_PROFILES_DIR=/opt/airflow/dbt && /home/airflow/.local/bin/dbt deps']
[2025-11-13T01:34:01.557+0000] {subprocess.py:86} INFO - Output:
[2025-11-13T01:34:02.762+0000] {subprocess.py:93} INFO - [0m01:34:02  Running with dbt=1.7.9
[2025-11-13T01:34:02.821+0000] {subprocess.py:93} INFO - [0m01:34:02  Warning: No packages were found in packages.yml
[2025-11-13T01:34:02.832+0000] {subprocess.py:93} INFO - [0m01:34:02  Warning: No packages were found in packages.yml
[2025-11-13T01:34:03.684+0000] {subprocess.py:97} INFO - Command exited with return code 0
[2025-11-13T01:34:03.694+0000] {taskinstance.py:1138} INFO - Marking task as SUCCESS. dag_id=transform_bronze_to_silver_gold, task_id=dbt_deps, execution_date=20251113T000000, start_date=20251113T013401, end_date=20251113T013403
[2025-11-13T01:34:03.736+0000] {local_task_job_runner.py:234} INFO - Task exited with return code 0
[2025-11-13T01:34:03.744+0000] {taskinstance.py:3280} INFO - 1 downstream tasks scheduled from follow-on schedule check
