[2025-11-13T01:28:02.435+0000] {logging_mixin.py:188} INFO - Changing /opt/airflow/logs/dag_id=transform_bronze_to_silver_gold/run_id=manual__2025-11-13T01:28:00+00:00/task_id=dbt_deps permission to 509
[2025-11-13T01:28:02.435+0000] {logging_mixin.py:188} INFO - Failed to change /opt/airflow/logs/dag_id=transform_bronze_to_silver_gold/run_id=manual__2025-11-13T01:28:00+00:00/task_id=dbt_deps permission to 509: [Errno 1] Operation not permitted: '/opt/airflow/logs/dag_id=transform_bronze_to_silver_gold/run_id=manual__2025-11-13T01:28:00+00:00/task_id=dbt_deps'
[2025-11-13T01:28:02.468+0000] {logging_mixin.py:188} INFO - Changing /opt/airflow/logs/dag_id=transform_bronze_to_silver_gold/run_id=manual__2025-11-13T01:28:00+00:00/task_id=dbt_deps permission to 509
[2025-11-13T01:28:02.469+0000] {logging_mixin.py:188} INFO - Failed to change /opt/airflow/logs/dag_id=transform_bronze_to_silver_gold/run_id=manual__2025-11-13T01:28:00+00:00/task_id=dbt_deps permission to 509: [Errno 1] Operation not permitted: '/opt/airflow/logs/dag_id=transform_bronze_to_silver_gold/run_id=manual__2025-11-13T01:28:00+00:00/task_id=dbt_deps'
[2025-11-13T01:28:02.500+0000] {taskinstance.py:1956} INFO - Dependencies all met for dep_context=non-requeueable deps ti=<TaskInstance: transform_bronze_to_silver_gold.dbt_deps manual__2025-11-13T01:28:00+00:00 [queued]>
[2025-11-13T01:28:02.503+0000] {taskinstance.py:1956} INFO - Dependencies all met for dep_context=requeueable deps ti=<TaskInstance: transform_bronze_to_silver_gold.dbt_deps manual__2025-11-13T01:28:00+00:00 [queued]>
[2025-11-13T01:28:02.504+0000] {taskinstance.py:2170} INFO - Starting attempt 1 of 1
[2025-11-13T01:28:02.512+0000] {taskinstance.py:2191} INFO - Executing <Task(BashOperator): dbt_deps> on 2025-11-13 01:28:00+00:00
[2025-11-13T01:28:02.516+0000] {standard_task_runner.py:60} INFO - Started process 550 to run task
[2025-11-13T01:28:02.518+0000] {standard_task_runner.py:87} INFO - Running: ['airflow', 'tasks', 'run', 'transform_bronze_to_silver_gold', 'dbt_deps', 'manual__2025-11-13T01:28:00+00:00', '--job-id', '8', '--raw', '--subdir', 'DAGS_FOLDER/transform_silver_gold_dbt_dag.py', '--cfg-path', '/tmp/tmpa3_rwfuj']
[2025-11-13T01:28:02.520+0000] {standard_task_runner.py:88} INFO - Job 8: Subtask dbt_deps
[2025-11-13T01:28:02.546+0000] {logging_mixin.py:188} INFO - Changing /opt/airflow/logs/dag_id=transform_bronze_to_silver_gold/run_id=manual__2025-11-13T01:28:00+00:00/task_id=dbt_deps permission to 509
[2025-11-13T01:28:02.547+0000] {logging_mixin.py:188} INFO - Failed to change /opt/airflow/logs/dag_id=transform_bronze_to_silver_gold/run_id=manual__2025-11-13T01:28:00+00:00/task_id=dbt_deps permission to 509: [Errno 1] Operation not permitted: '/opt/airflow/logs/dag_id=transform_bronze_to_silver_gold/run_id=manual__2025-11-13T01:28:00+00:00/task_id=dbt_deps'
[2025-11-13T01:28:02.560+0000] {task_command.py:423} INFO - Running <TaskInstance: transform_bronze_to_silver_gold.dbt_deps manual__2025-11-13T01:28:00+00:00 [running]> on host 2fa63170b6f2
[2025-11-13T01:28:02.590+0000] {taskinstance.py:2480} INFO - Exporting env vars: AIRFLOW_CTX_DAG_OWNER='data-platform' AIRFLOW_CTX_DAG_ID='transform_bronze_to_silver_gold' AIRFLOW_CTX_TASK_ID='dbt_deps' AIRFLOW_CTX_EXECUTION_DATE='2025-11-13T01:28:00+00:00' AIRFLOW_CTX_TRY_NUMBER='1' AIRFLOW_CTX_DAG_RUN_ID='manual__2025-11-13T01:28:00+00:00'
[2025-11-13T01:28:02.591+0000] {subprocess.py:63} INFO - Tmp dir root location: /tmp
[2025-11-13T01:28:02.592+0000] {subprocess.py:75} INFO - Running command: ['/usr/bin/bash', '-c', 'cd /opt/airflow/dbt && dbt deps']
[2025-11-13T01:28:02.598+0000] {subprocess.py:86} INFO - Output:
[2025-11-13T01:28:02.600+0000] {subprocess.py:93} INFO - /usr/bin/bash: line 1: dbt: command not found
[2025-11-13T01:28:02.601+0000] {subprocess.py:97} INFO - Command exited with return code 127
[2025-11-13T01:28:02.604+0000] {taskinstance.py:2698} ERROR - Task failed with exception
Traceback (most recent call last):
  File "/home/airflow/.local/lib/python3.11/site-packages/airflow/models/taskinstance.py", line 433, in _execute_task
    result = execute_callable(context=context, **execute_callable_kwargs)
             ^^^^^^^^^^^^^^^^^^^^^^^^^^^^^^^^^^^^^^^^^^^^^^^^^^^^^^^^^^^^
  File "/home/airflow/.local/lib/python3.11/site-packages/airflow/operators/bash.py", line 212, in execute
    raise AirflowException(
airflow.exceptions.AirflowException: Bash command failed. The command returned a non-zero exit code 127.
[2025-11-13T01:28:02.607+0000] {taskinstance.py:1138} INFO - Marking task as FAILED. dag_id=transform_bronze_to_silver_gold, task_id=dbt_deps, execution_date=20251113T012800, start_date=20251113T012802, end_date=20251113T012802
[2025-11-13T01:28:02.614+0000] {standard_task_runner.py:107} ERROR - Failed to execute job 8 for task dbt_deps (Bash command failed. The command returned a non-zero exit code 127.; 550)
[2025-11-13T01:28:02.652+0000] {local_task_job_runner.py:234} INFO - Task exited with return code 1
[2025-11-13T01:28:02.660+0000] {taskinstance.py:3280} INFO - 0 downstream tasks scheduled from follow-on schedule check
