[2025-11-13T01:36:41.315+0000] {logging_mixin.py:188} INFO - Changing /opt/airflow/logs/dag_id=transform_bronze_to_silver_gold/run_id=__airflow_temporary_run_2025-11-13T01:36:39.613921+00:00__/task_id=dbt_deps permission to 509
[2025-11-13T01:36:41.316+0000] {logging_mixin.py:188} INFO - Failed to change /opt/airflow/logs/dag_id=transform_bronze_to_silver_gold/run_id=__airflow_temporary_run_2025-11-13T01:36:39.613921+00:00__/task_id=dbt_deps permission to 509: [Errno 1] Operation not permitted: '/opt/airflow/logs/dag_id=transform_bronze_to_silver_gold/run_id=__airflow_temporary_run_2025-11-13T01:36:39.613921+00:00__/task_id=dbt_deps'
[2025-11-13T01:36:41.347+0000] {logging_mixin.py:188} INFO - Changing /opt/airflow/logs/dag_id=transform_bronze_to_silver_gold/run_id=__airflow_temporary_run_2025-11-13T01:36:39.613921+00:00__/task_id=dbt_deps permission to 509
[2025-11-13T01:36:41.347+0000] {logging_mixin.py:188} INFO - Failed to change /opt/airflow/logs/dag_id=transform_bronze_to_silver_gold/run_id=__airflow_temporary_run_2025-11-13T01:36:39.613921+00:00__/task_id=dbt_deps permission to 509: [Errno 1] Operation not permitted: '/opt/airflow/logs/dag_id=transform_bronze_to_silver_gold/run_id=__airflow_temporary_run_2025-11-13T01:36:39.613921+00:00__/task_id=dbt_deps'
[2025-11-13T01:36:41.376+0000] {taskinstance.py:1956} INFO - Dependencies all met for dep_context=non-requeueable deps ti=<TaskInstance: transform_bronze_to_silver_gold.dbt_deps __airflow_temporary_run_2025-11-13T01:36:39.613921+00:00__ [queued]>
[2025-11-13T01:36:41.379+0000] {taskinstance.py:1956} INFO - Dependencies all met for dep_context=requeueable deps ti=<TaskInstance: transform_bronze_to_silver_gold.dbt_deps __airflow_temporary_run_2025-11-13T01:36:39.613921+00:00__ [queued]>
[2025-11-13T01:36:41.379+0000] {taskinstance.py:2170} INFO - Starting attempt 1 of 1
[2025-11-13T01:36:41.386+0000] {taskinstance.py:2191} INFO - Executing <Task(BashOperator): dbt_deps> on 2025-11-13 00:00:00+00:00
[2025-11-13T01:36:41.389+0000] {standard_task_runner.py:60} INFO - Started process 843 to run task
[2025-11-13T01:36:41.391+0000] {standard_task_runner.py:87} INFO - Running: ['airflow', 'tasks', 'run', 'transform_bronze_to_silver_gold', 'dbt_deps', '__airflow_temporary_run_2025-11-13T01:36:39.613921+00:00__', '--job-id', '16', '--raw', '--subdir', 'DAGS_FOLDER/transform_silver_gold_dbt_dag.py', '--cfg-path', '/tmp/tmpnp25uvqu']
[2025-11-13T01:36:41.393+0000] {standard_task_runner.py:88} INFO - Job 16: Subtask dbt_deps
[2025-11-13T01:36:41.417+0000] {logging_mixin.py:188} INFO - Changing /opt/airflow/logs/dag_id=transform_bronze_to_silver_gold/run_id=__airflow_temporary_run_2025-11-13T01:36:39.613921+00:00__/task_id=dbt_deps permission to 509
[2025-11-13T01:36:41.417+0000] {logging_mixin.py:188} INFO - Failed to change /opt/airflow/logs/dag_id=transform_bronze_to_silver_gold/run_id=__airflow_temporary_run_2025-11-13T01:36:39.613921+00:00__/task_id=dbt_deps permission to 509: [Errno 1] Operation not permitted: '/opt/airflow/logs/dag_id=transform_bronze_to_silver_gold/run_id=__airflow_temporary_run_2025-11-13T01:36:39.613921+00:00__/task_id=dbt_deps'
[2025-11-13T01:36:41.433+0000] {task_command.py:423} INFO - Running <TaskInstance: transform_bronze_to_silver_gold.dbt_deps __airflow_temporary_run_2025-11-13T01:36:39.613921+00:00__ [running]> on host 2fa63170b6f2
[2025-11-13T01:36:41.462+0000] {taskinstance.py:2480} INFO - Exporting env vars: AIRFLOW_CTX_DAG_OWNER='data-platform' AIRFLOW_CTX_DAG_ID='transform_bronze_to_silver_gold' AIRFLOW_CTX_TASK_ID='dbt_deps' AIRFLOW_CTX_EXECUTION_DATE='2025-11-13T00:00:00+00:00' AIRFLOW_CTX_TRY_NUMBER='1' AIRFLOW_CTX_DAG_RUN_ID='__airflow_temporary_run_2025-11-13T01:36:39.613921+00:00__'
[2025-11-13T01:36:41.463+0000] {subprocess.py:63} INFO - Tmp dir root location: /tmp
[2025-11-13T01:36:41.464+0000] {subprocess.py:75} INFO - Running command: ['/usr/bin/bash', '-c', 'cd /opt/airflow/dbt && export DBT_PROFILES_DIR=/opt/airflow/dbt && /home/airflow/.local/bin/dbt deps']
[2025-11-13T01:36:41.469+0000] {subprocess.py:86} INFO - Output:
[2025-11-13T01:36:42.760+0000] {subprocess.py:93} INFO - [0m01:36:42  Running with dbt=1.7.9
[2025-11-13T01:36:42.838+0000] {subprocess.py:93} INFO - [0m01:36:42  Warning: No packages were found in packages.yml
[2025-11-13T01:36:42.850+0000] {subprocess.py:93} INFO - [0m01:36:42  Warning: No packages were found in packages.yml
[2025-11-13T01:36:43.662+0000] {subprocess.py:97} INFO - Command exited with return code 0
[2025-11-13T01:36:43.673+0000] {taskinstance.py:1138} INFO - Marking task as SUCCESS. dag_id=transform_bronze_to_silver_gold, task_id=dbt_deps, execution_date=20251113T000000, start_date=20251113T013641, end_date=20251113T013643
[2025-11-13T01:36:43.691+0000] {local_task_job_runner.py:234} INFO - Task exited with return code 0
[2025-11-13T01:36:43.700+0000] {taskinstance.py:3280} INFO - 1 downstream tasks scheduled from follow-on schedule check
