[2025-11-13T01:35:01.404+0000] {logging_mixin.py:188} INFO - Changing /opt/airflow/logs/dag_id=transform_bronze_to_silver_gold/run_id=manual__2025-11-13T01:34:55+00:00/task_id=dbt_run permission to 509
[2025-11-13T01:35:01.405+0000] {logging_mixin.py:188} INFO - Failed to change /opt/airflow/logs/dag_id=transform_bronze_to_silver_gold/run_id=manual__2025-11-13T01:34:55+00:00/task_id=dbt_run permission to 509: [Errno 1] Operation not permitted: '/opt/airflow/logs/dag_id=transform_bronze_to_silver_gold/run_id=manual__2025-11-13T01:34:55+00:00/task_id=dbt_run'
[2025-11-13T01:35:01.431+0000] {logging_mixin.py:188} INFO - Changing /opt/airflow/logs/dag_id=transform_bronze_to_silver_gold/run_id=manual__2025-11-13T01:34:55+00:00/task_id=dbt_run permission to 509
[2025-11-13T01:35:01.432+0000] {logging_mixin.py:188} INFO - Failed to change /opt/airflow/logs/dag_id=transform_bronze_to_silver_gold/run_id=manual__2025-11-13T01:34:55+00:00/task_id=dbt_run permission to 509: [Errno 1] Operation not permitted: '/opt/airflow/logs/dag_id=transform_bronze_to_silver_gold/run_id=manual__2025-11-13T01:34:55+00:00/task_id=dbt_run'
[2025-11-13T01:35:01.458+0000] {taskinstance.py:1956} INFO - Dependencies all met for dep_context=non-requeueable deps ti=<TaskInstance: transform_bronze_to_silver_gold.dbt_run manual__2025-11-13T01:34:55+00:00 [queued]>
[2025-11-13T01:35:01.461+0000] {taskinstance.py:1956} INFO - Dependencies all met for dep_context=requeueable deps ti=<TaskInstance: transform_bronze_to_silver_gold.dbt_run manual__2025-11-13T01:34:55+00:00 [queued]>
[2025-11-13T01:35:01.462+0000] {taskinstance.py:2170} INFO - Starting attempt 1 of 1
[2025-11-13T01:35:01.471+0000] {taskinstance.py:2191} INFO - Executing <Task(BashOperator): dbt_run> on 2025-11-13 01:34:55+00:00
[2025-11-13T01:35:01.475+0000] {standard_task_runner.py:60} INFO - Started process 230 to run task
[2025-11-13T01:35:01.476+0000] {standard_task_runner.py:87} INFO - Running: ['airflow', 'tasks', 'run', 'transform_bronze_to_silver_gold', 'dbt_run', 'manual__2025-11-13T01:34:55+00:00', '--job-id', '15', '--raw', '--subdir', 'DAGS_FOLDER/transform_silver_gold_dbt_dag.py', '--cfg-path', '/tmp/tmprw75k3au']
[2025-11-13T01:35:01.478+0000] {standard_task_runner.py:88} INFO - Job 15: Subtask dbt_run
[2025-11-13T01:35:01.499+0000] {logging_mixin.py:188} INFO - Changing /opt/airflow/logs/dag_id=transform_bronze_to_silver_gold/run_id=manual__2025-11-13T01:34:55+00:00/task_id=dbt_run permission to 509
[2025-11-13T01:35:01.499+0000] {logging_mixin.py:188} INFO - Failed to change /opt/airflow/logs/dag_id=transform_bronze_to_silver_gold/run_id=manual__2025-11-13T01:34:55+00:00/task_id=dbt_run permission to 509: [Errno 1] Operation not permitted: '/opt/airflow/logs/dag_id=transform_bronze_to_silver_gold/run_id=manual__2025-11-13T01:34:55+00:00/task_id=dbt_run'
[2025-11-13T01:35:01.518+0000] {task_command.py:423} INFO - Running <TaskInstance: transform_bronze_to_silver_gold.dbt_run manual__2025-11-13T01:34:55+00:00 [running]> on host 2fa63170b6f2
[2025-11-13T01:35:01.551+0000] {taskinstance.py:2480} INFO - Exporting env vars: AIRFLOW_CTX_DAG_OWNER='data-platform' AIRFLOW_CTX_DAG_ID='transform_bronze_to_silver_gold' AIRFLOW_CTX_TASK_ID='dbt_run' AIRFLOW_CTX_EXECUTION_DATE='2025-11-13T01:34:55+00:00' AIRFLOW_CTX_TRY_NUMBER='1' AIRFLOW_CTX_DAG_RUN_ID='manual__2025-11-13T01:34:55+00:00'
[2025-11-13T01:35:01.552+0000] {subprocess.py:63} INFO - Tmp dir root location: /tmp
[2025-11-13T01:35:01.553+0000] {subprocess.py:75} INFO - Running command: ['/usr/bin/bash', '-c', 'cd /opt/airflow/dbt && export DBT_PROFILES_DIR=/opt/airflow/dbt && /home/airflow/.local/bin/dbt run']
[2025-11-13T01:35:01.558+0000] {subprocess.py:86} INFO - Output:
[2025-11-13T01:35:02.680+0000] {subprocess.py:93} INFO - [0m01:35:02  Running with dbt=1.7.9
[2025-11-13T01:35:02.940+0000] {subprocess.py:93} INFO - [0m01:35:02  Registered adapter: duckdb=1.7.2
[2025-11-13T01:35:03.335+0000] {subprocess.py:93} INFO - [0m01:35:03  Found 12 models, 18 tests, 0 sources, 0 exposures, 0 metrics, 391 macros, 0 groups, 0 semantic models
[2025-11-13T01:35:03.339+0000] {subprocess.py:93} INFO - [0m01:35:03
[2025-11-13T01:35:03.665+0000] {subprocess.py:93} INFO - [0m01:35:03  Concurrency: 4 threads (target='dev')
[2025-11-13T01:35:03.666+0000] {subprocess.py:93} INFO - [0m01:35:03
[2025-11-13T01:35:03.674+0000] {subprocess.py:93} INFO - [0m01:35:03  1 of 12 START sql view model main_bronze.bronze_customers ...................... [RUN]
[2025-11-13T01:35:03.675+0000] {subprocess.py:93} INFO - [0m01:35:03  2 of 12 START sql view model main_bronze.bronze_order_items .................... [RUN]
[2025-11-13T01:35:03.677+0000] {subprocess.py:93} INFO - [0m01:35:03  3 of 12 START sql view model main_bronze.bronze_orders ......................... [RUN]
[2025-11-13T01:35:03.678+0000] {subprocess.py:93} INFO - [0m01:35:03  4 of 12 START sql view model main_bronze.bronze_payments ....................... [RUN]
[2025-11-13T01:35:03.862+0000] {subprocess.py:93} INFO - [0m01:35:03  4 of 12 ERROR creating sql view model main_bronze.bronze_payments .............. [[31mERROR[0m in 0.17s]
[2025-11-13T01:35:03.863+0000] {subprocess.py:93} INFO - [0m01:35:03  3 of 12 ERROR creating sql view model main_bronze.bronze_orders ................ [[31mERROR[0m in 0.17s]
[2025-11-13T01:35:03.864+0000] {subprocess.py:93} INFO - [0m01:35:03  1 of 12 ERROR creating sql view model main_bronze.bronze_customers ............. [[31mERROR[0m in 0.18s]
[2025-11-13T01:35:03.865+0000] {subprocess.py:93} INFO - [0m01:35:03  2 of 12 ERROR creating sql view model main_bronze.bronze_order_items ........... [[31mERROR[0m in 0.18s]
[2025-11-13T01:35:03.876+0000] {subprocess.py:93} INFO - [0m01:35:03  5 of 12 START sql view model main_bronze.bronze_products ....................... [RUN]
[2025-11-13T01:35:03.877+0000] {subprocess.py:93} INFO - [0m01:35:03  6 of 12 SKIP relation main_silver.silver_orders ................................ [[33mSKIP[0m]
[2025-11-13T01:35:03.879+0000] {subprocess.py:93} INFO - [0m01:35:03  7 of 12 SKIP relation main_silver.silver_customers ............................. [[33mSKIP[0m]
[2025-11-13T01:35:03.880+0000] {subprocess.py:93} INFO - [0m01:35:03  8 of 12 SKIP relation main_silver.silver_order_items ........................... [[33mSKIP[0m]
[2025-11-13T01:35:03.894+0000] {subprocess.py:93} INFO - [0m01:35:03  9 of 12 SKIP relation main_gold.dim_customer ................................... [[33mSKIP[0m]
[2025-11-13T01:35:03.895+0000] {subprocess.py:93} INFO - [0m01:35:03  10 of 12 SKIP relation main_gold.fct_orders .................................... [[33mSKIP[0m]
[2025-11-13T01:35:03.987+0000] {subprocess.py:93} INFO - [0m01:35:03  5 of 12 ERROR creating sql view model main_bronze.bronze_products .............. [[31mERROR[0m in 0.10s]
[2025-11-13T01:35:03.991+0000] {subprocess.py:93} INFO - [0m01:35:03  11 of 12 SKIP relation main_silver.silver_products ............................. [[33mSKIP[0m]
[2025-11-13T01:35:03.996+0000] {subprocess.py:93} INFO - [0m01:35:03  12 of 12 SKIP relation main_gold.dim_product ................................... [[33mSKIP[0m]
[2025-11-13T01:35:04.066+0000] {subprocess.py:93} INFO - [0m01:35:04
[2025-11-13T01:35:04.067+0000] {subprocess.py:93} INFO - [0m01:35:04  Finished running 5 view models, 7 external models in 0 hours 0 minutes and 0.73 seconds (0.73s).
[2025-11-13T01:35:04.124+0000] {subprocess.py:93} INFO - [0m01:35:04
[2025-11-13T01:35:04.125+0000] {subprocess.py:93} INFO - [0m01:35:04  [31mCompleted with 5 errors and 0 warnings:[0m
[2025-11-13T01:35:04.126+0000] {subprocess.py:93} INFO - [0m01:35:04
[2025-11-13T01:35:04.127+0000] {subprocess.py:93} INFO - [0m01:35:04    Runtime Error in model bronze_payments (models/bronze/bronze_payments.sql)
[2025-11-13T01:35:04.127+0000] {subprocess.py:93} INFO -   Parser Error: syntax error at or near ";"
[2025-11-13T01:35:04.128+0000] {subprocess.py:93} INFO -   LINE 9: ...rsion": "1.7.9", "profile_name": "duckdb_profile", "target_name": "dev", "node_id": "model.modern_elt_dbt.bronze_payments"} */
[2025-11-13T01:35:04.128+0000] {subprocess.py:93} INFO - 
[2025-11-13T01:35:04.129+0000] {subprocess.py:93} INFO - 
[2025-11-13T01:35:04.129+0000] {subprocess.py:93} INFO -     create view "warehouse"."main_bronze"."bronze_payments__dbt_tmp" as (
[2025-11-13T01:35:04.129+0000] {subprocess.py:93} INFO - 
[2025-11-13T01:35:04.130+0000] {subprocess.py:93} INFO - 
[2025-11-13T01:35:04.130+0000] {subprocess.py:93} INFO -   -- Bronze layer: raw payment ledger from the ERP.
[2025-11-13T01:35:04.130+0000] {subprocess.py:93} INFO -   SELECT *
[2025-11-13T01:35:04.130+0000] {subprocess.py:93} INFO -   FROM read_parquet('s3://datalake/bronze/erp/payments/*.parquet');
[2025-11-13T01:35:04.131+0000] {subprocess.py:93} INFO -                                                     ^
[2025-11-13T01:35:04.131+0000] {subprocess.py:93} INFO - [0m01:35:04
[2025-11-13T01:35:04.131+0000] {subprocess.py:93} INFO - [0m01:35:04    Runtime Error in model bronze_orders (models/bronze/bronze_orders.sql)
[2025-11-13T01:35:04.132+0000] {subprocess.py:93} INFO -   Parser Error: syntax error at or near ";"
[2025-11-13T01:35:04.132+0000] {subprocess.py:93} INFO -   LINE 9: ...version": "1.7.9", "profile_name": "duckdb_profile", "target_name": "dev", "node_id": "model.modern_elt_dbt.bronze_orders"} */
[2025-11-13T01:35:04.132+0000] {subprocess.py:93} INFO - 
[2025-11-13T01:35:04.132+0000] {subprocess.py:93} INFO - 
[2025-11-13T01:35:04.133+0000] {subprocess.py:93} INFO -     create view "warehouse"."main_bronze"."bronze_orders__dbt_tmp" as (
[2025-11-13T01:35:04.133+0000] {subprocess.py:93} INFO - 
[2025-11-13T01:35:04.133+0000] {subprocess.py:93} INFO - 
[2025-11-13T01:35:04.133+0000] {subprocess.py:93} INFO -   -- Bronze layer: ERP orders for downstream cleansing.
[2025-11-13T01:35:04.133+0000] {subprocess.py:93} INFO -   SELECT *
[2025-11-13T01:35:04.134+0000] {subprocess.py:93} INFO -   FROM read_parquet('s3://datalake/bronze/erp/orders/*.parquet');
[2025-11-13T01:35:04.134+0000] {subprocess.py:93} INFO -                                                     ^
[2025-11-13T01:35:04.135+0000] {subprocess.py:93} INFO - [0m01:35:04
[2025-11-13T01:35:04.135+0000] {subprocess.py:93} INFO - [0m01:35:04    Runtime Error in model bronze_customers (models/bronze/bronze_customers.sql)
[2025-11-13T01:35:04.136+0000] {subprocess.py:93} INFO -   Parser Error: syntax error at or near ";"
[2025-11-13T01:35:04.136+0000] {subprocess.py:93} INFO -   LINE 9: ...sion": "1.7.9", "profile_name": "duckdb_profile", "target_name": "dev", "node_id": "model.modern_elt_dbt.bronze_customers"} */
[2025-11-13T01:35:04.137+0000] {subprocess.py:93} INFO - 
[2025-11-13T01:35:04.137+0000] {subprocess.py:93} INFO - 
[2025-11-13T01:35:04.137+0000] {subprocess.py:93} INFO -     create view "warehouse"."main_bronze"."bronze_customers__dbt_tmp" as (
[2025-11-13T01:35:04.138+0000] {subprocess.py:93} INFO - 
[2025-11-13T01:35:04.138+0000] {subprocess.py:93} INFO - 
[2025-11-13T01:35:04.139+0000] {subprocess.py:93} INFO -   -- Bronze layer: thin abstraction over raw customer parquet drops stored in MinIO.
[2025-11-13T01:35:04.139+0000] {subprocess.py:93} INFO -   SELECT *
[2025-11-13T01:35:04.140+0000] {subprocess.py:93} INFO -   FROM read_parquet('s3://datalake/bronze/erp/customers/*.parquet');
[2025-11-13T01:35:04.140+0000] {subprocess.py:93} INFO -                                                     ^
[2025-11-13T01:35:04.140+0000] {subprocess.py:93} INFO - [0m01:35:04
[2025-11-13T01:35:04.141+0000] {subprocess.py:93} INFO - [0m01:35:04    Runtime Error in model bronze_order_items (models/bronze/bronze_order_items.sql)
[2025-11-13T01:35:04.141+0000] {subprocess.py:93} INFO -   Parser Error: syntax error at or near ";"
[2025-11-13T01:35:04.141+0000] {subprocess.py:93} INFO -   LINE 9: ...on": "1.7.9", "profile_name": "duckdb_profile", "target_name": "dev", "node_id": "model.modern_elt_dbt.bronze_order_items"} */
[2025-11-13T01:35:04.142+0000] {subprocess.py:93} INFO - 
[2025-11-13T01:35:04.142+0000] {subprocess.py:93} INFO - 
[2025-11-13T01:35:04.142+0000] {subprocess.py:93} INFO -     create view "warehouse"."main_bronze"."bronze_order_items__dbt_tmp" as (
[2025-11-13T01:35:04.142+0000] {subprocess.py:93} INFO - 
[2025-11-13T01:35:04.142+0000] {subprocess.py:93} INFO - 
[2025-11-13T01:35:04.143+0000] {subprocess.py:93} INFO -   -- Bronze layer: ERP order line items.
[2025-11-13T01:35:04.143+0000] {subprocess.py:93} INFO -   SELECT *
[2025-11-13T01:35:04.143+0000] {subprocess.py:93} INFO -   FROM read_parquet('s3://datalake/bronze/erp/order_items/*.parquet');
[2025-11-13T01:35:04.144+0000] {subprocess.py:93} INFO -                                                     ^
[2025-11-13T01:35:04.144+0000] {subprocess.py:93} INFO - [0m01:35:04
[2025-11-13T01:35:04.145+0000] {subprocess.py:93} INFO - [0m01:35:04    Runtime Error in model bronze_products (models/bronze/bronze_products.sql)
[2025-11-13T01:35:04.145+0000] {subprocess.py:93} INFO -   Parser Error: syntax error at or near ";"
[2025-11-13T01:35:04.145+0000] {subprocess.py:93} INFO -   LINE 9: ...rsion": "1.7.9", "profile_name": "duckdb_profile", "target_name": "dev", "node_id": "model.modern_elt_dbt.bronze_products"} */
[2025-11-13T01:35:04.146+0000] {subprocess.py:93} INFO - 
[2025-11-13T01:35:04.146+0000] {subprocess.py:93} INFO - 
[2025-11-13T01:35:04.146+0000] {subprocess.py:93} INFO -     create view "warehouse"."main_bronze"."bronze_products__dbt_tmp" as (
[2025-11-13T01:35:04.146+0000] {subprocess.py:93} INFO - 
[2025-11-13T01:35:04.147+0000] {subprocess.py:93} INFO - 
[2025-11-13T01:35:04.147+0000] {subprocess.py:93} INFO -   -- Bronze layer: exposes product snapshots exactly as extracted from ERP.
[2025-11-13T01:35:04.147+0000] {subprocess.py:93} INFO -   SELECT *
[2025-11-13T01:35:04.148+0000] {subprocess.py:93} INFO -   FROM read_parquet('s3://datalake/bronze/erp/products/*.parquet');
[2025-11-13T01:35:04.148+0000] {subprocess.py:93} INFO -                                                     ^
[2025-11-13T01:35:04.148+0000] {subprocess.py:93} INFO - [0m01:35:04
[2025-11-13T01:35:04.148+0000] {subprocess.py:93} INFO - [0m01:35:04  Done. PASS=0 WARN=0 ERROR=5 SKIP=7 TOTAL=12
[2025-11-13T01:35:04.960+0000] {subprocess.py:97} INFO - Command exited with return code 1
[2025-11-13T01:35:04.964+0000] {taskinstance.py:2698} ERROR - Task failed with exception
Traceback (most recent call last):
  File "/home/airflow/.local/lib/python3.11/site-packages/airflow/models/taskinstance.py", line 433, in _execute_task
    result = execute_callable(context=context, **execute_callable_kwargs)
             ^^^^^^^^^^^^^^^^^^^^^^^^^^^^^^^^^^^^^^^^^^^^^^^^^^^^^^^^^^^^
  File "/home/airflow/.local/lib/python3.11/site-packages/airflow/operators/bash.py", line 212, in execute
    raise AirflowException(
airflow.exceptions.AirflowException: Bash command failed. The command returned a non-zero exit code 1.
[2025-11-13T01:35:04.967+0000] {taskinstance.py:1138} INFO - Marking task as FAILED. dag_id=transform_bronze_to_silver_gold, task_id=dbt_run, execution_date=20251113T013455, start_date=20251113T013501, end_date=20251113T013504
[2025-11-13T01:35:04.974+0000] {standard_task_runner.py:107} ERROR - Failed to execute job 15 for task dbt_run (Bash command failed. The command returned a non-zero exit code 1.; 230)
[2025-11-13T01:35:04.984+0000] {local_task_job_runner.py:234} INFO - Task exited with return code 1
[2025-11-13T01:35:04.992+0000] {taskinstance.py:3280} INFO - 0 downstream tasks scheduled from follow-on schedule check
