[2025-11-13T01:33:01.845+0000] {logging_mixin.py:188} INFO - Changing /opt/airflow/logs/dag_id=transform_bronze_to_silver_gold/run_id=manual__2025-11-13T01:32:55+00:00/task_id=dbt_run permission to 509
[2025-11-13T01:33:01.846+0000] {logging_mixin.py:188} INFO - Failed to change /opt/airflow/logs/dag_id=transform_bronze_to_silver_gold/run_id=manual__2025-11-13T01:32:55+00:00/task_id=dbt_run permission to 509: [Errno 1] Operation not permitted: '/opt/airflow/logs/dag_id=transform_bronze_to_silver_gold/run_id=manual__2025-11-13T01:32:55+00:00/task_id=dbt_run'
[2025-11-13T01:33:01.877+0000] {logging_mixin.py:188} INFO - Changing /opt/airflow/logs/dag_id=transform_bronze_to_silver_gold/run_id=manual__2025-11-13T01:32:55+00:00/task_id=dbt_run permission to 509
[2025-11-13T01:33:01.878+0000] {logging_mixin.py:188} INFO - Failed to change /opt/airflow/logs/dag_id=transform_bronze_to_silver_gold/run_id=manual__2025-11-13T01:32:55+00:00/task_id=dbt_run permission to 509: [Errno 1] Operation not permitted: '/opt/airflow/logs/dag_id=transform_bronze_to_silver_gold/run_id=manual__2025-11-13T01:32:55+00:00/task_id=dbt_run'
[2025-11-13T01:33:01.909+0000] {taskinstance.py:1956} INFO - Dependencies all met for dep_context=non-requeueable deps ti=<TaskInstance: transform_bronze_to_silver_gold.dbt_run manual__2025-11-13T01:32:55+00:00 [queued]>
[2025-11-13T01:33:01.913+0000] {taskinstance.py:1956} INFO - Dependencies all met for dep_context=requeueable deps ti=<TaskInstance: transform_bronze_to_silver_gold.dbt_run manual__2025-11-13T01:32:55+00:00 [queued]>
[2025-11-13T01:33:01.914+0000] {taskinstance.py:2170} INFO - Starting attempt 1 of 1
[2025-11-13T01:33:01.921+0000] {taskinstance.py:2191} INFO - Executing <Task(BashOperator): dbt_run> on 2025-11-13 01:32:55+00:00
[2025-11-13T01:33:01.924+0000] {standard_task_runner.py:60} INFO - Started process 868 to run task
[2025-11-13T01:33:01.926+0000] {standard_task_runner.py:87} INFO - Running: ['airflow', 'tasks', 'run', 'transform_bronze_to_silver_gold', 'dbt_run', 'manual__2025-11-13T01:32:55+00:00', '--job-id', '11', '--raw', '--subdir', 'DAGS_FOLDER/transform_silver_gold_dbt_dag.py', '--cfg-path', '/tmp/tmp7b5l_qmd']
[2025-11-13T01:33:01.927+0000] {standard_task_runner.py:88} INFO - Job 11: Subtask dbt_run
[2025-11-13T01:33:01.949+0000] {logging_mixin.py:188} INFO - Changing /opt/airflow/logs/dag_id=transform_bronze_to_silver_gold/run_id=manual__2025-11-13T01:32:55+00:00/task_id=dbt_run permission to 509
[2025-11-13T01:33:01.950+0000] {logging_mixin.py:188} INFO - Failed to change /opt/airflow/logs/dag_id=transform_bronze_to_silver_gold/run_id=manual__2025-11-13T01:32:55+00:00/task_id=dbt_run permission to 509: [Errno 1] Operation not permitted: '/opt/airflow/logs/dag_id=transform_bronze_to_silver_gold/run_id=manual__2025-11-13T01:32:55+00:00/task_id=dbt_run'
[2025-11-13T01:33:01.972+0000] {task_command.py:423} INFO - Running <TaskInstance: transform_bronze_to_silver_gold.dbt_run manual__2025-11-13T01:32:55+00:00 [running]> on host 2fa63170b6f2
[2025-11-13T01:33:02.001+0000] {taskinstance.py:2480} INFO - Exporting env vars: AIRFLOW_CTX_DAG_OWNER='data-platform' AIRFLOW_CTX_DAG_ID='transform_bronze_to_silver_gold' AIRFLOW_CTX_TASK_ID='dbt_run' AIRFLOW_CTX_EXECUTION_DATE='2025-11-13T01:32:55+00:00' AIRFLOW_CTX_TRY_NUMBER='1' AIRFLOW_CTX_DAG_RUN_ID='manual__2025-11-13T01:32:55+00:00'
[2025-11-13T01:33:02.002+0000] {subprocess.py:63} INFO - Tmp dir root location: /tmp
[2025-11-13T01:33:02.003+0000] {subprocess.py:75} INFO - Running command: ['/usr/bin/bash', '-c', 'cd /opt/airflow/dbt && /home/airflow/.local/bin/dbt run']
[2025-11-13T01:33:02.008+0000] {subprocess.py:86} INFO - Output:
[2025-11-13T01:33:03.213+0000] {subprocess.py:93} INFO - [0m01:33:03  Running with dbt=1.7.9
[2025-11-13T01:33:03.233+0000] {subprocess.py:93} INFO - [0m01:33:03  Encountered an error:
[2025-11-13T01:33:03.233+0000] {subprocess.py:93} INFO - Parsing Error
[2025-11-13T01:33:03.234+0000] {subprocess.py:93} INFO -   Env var required but not provided: 'AWS_ACCESS_KEY_ID'
[2025-11-13T01:33:05.333+0000] {subprocess.py:97} INFO - Command exited with return code 2
[2025-11-13T01:33:05.337+0000] {taskinstance.py:2698} ERROR - Task failed with exception
Traceback (most recent call last):
  File "/home/airflow/.local/lib/python3.11/site-packages/airflow/models/taskinstance.py", line 433, in _execute_task
    result = execute_callable(context=context, **execute_callable_kwargs)
             ^^^^^^^^^^^^^^^^^^^^^^^^^^^^^^^^^^^^^^^^^^^^^^^^^^^^^^^^^^^^
  File "/home/airflow/.local/lib/python3.11/site-packages/airflow/operators/bash.py", line 212, in execute
    raise AirflowException(
airflow.exceptions.AirflowException: Bash command failed. The command returned a non-zero exit code 2.
[2025-11-13T01:33:05.339+0000] {taskinstance.py:1138} INFO - Marking task as FAILED. dag_id=transform_bronze_to_silver_gold, task_id=dbt_run, execution_date=20251113T013255, start_date=20251113T013301, end_date=20251113T013305
[2025-11-13T01:33:05.347+0000] {standard_task_runner.py:107} ERROR - Failed to execute job 11 for task dbt_run (Bash command failed. The command returned a non-zero exit code 2.; 868)
[2025-11-13T01:33:05.354+0000] {local_task_job_runner.py:234} INFO - Task exited with return code 1
[2025-11-13T01:33:05.361+0000] {taskinstance.py:3280} INFO - 0 downstream tasks scheduled from follow-on schedule check
