[2025-11-13T01:55:49.031+0000] {logging_mixin.py:188} INFO - Changing /opt/airflow/logs/dag_id=transform_bronze_to_silver_gold/run_id=manual__2025-11-13T01:55:42+00:00/task_id=dbt_run permission to 509
[2025-11-13T01:55:49.031+0000] {logging_mixin.py:188} INFO - Failed to change /opt/airflow/logs/dag_id=transform_bronze_to_silver_gold/run_id=manual__2025-11-13T01:55:42+00:00/task_id=dbt_run permission to 509: [Errno 1] Operation not permitted: '/opt/airflow/logs/dag_id=transform_bronze_to_silver_gold/run_id=manual__2025-11-13T01:55:42+00:00/task_id=dbt_run'
[2025-11-13T01:55:49.061+0000] {logging_mixin.py:188} INFO - Changing /opt/airflow/logs/dag_id=transform_bronze_to_silver_gold/run_id=manual__2025-11-13T01:55:42+00:00/task_id=dbt_run permission to 509
[2025-11-13T01:55:49.062+0000] {logging_mixin.py:188} INFO - Failed to change /opt/airflow/logs/dag_id=transform_bronze_to_silver_gold/run_id=manual__2025-11-13T01:55:42+00:00/task_id=dbt_run permission to 509: [Errno 1] Operation not permitted: '/opt/airflow/logs/dag_id=transform_bronze_to_silver_gold/run_id=manual__2025-11-13T01:55:42+00:00/task_id=dbt_run'
[2025-11-13T01:55:49.087+0000] {taskinstance.py:1956} INFO - Dependencies all met for dep_context=non-requeueable deps ti=<TaskInstance: transform_bronze_to_silver_gold.dbt_run manual__2025-11-13T01:55:42+00:00 [queued]>
[2025-11-13T01:55:49.091+0000] {taskinstance.py:1956} INFO - Dependencies all met for dep_context=requeueable deps ti=<TaskInstance: transform_bronze_to_silver_gold.dbt_run manual__2025-11-13T01:55:42+00:00 [queued]>
[2025-11-13T01:55:49.092+0000] {taskinstance.py:2170} INFO - Starting attempt 1 of 1
[2025-11-13T01:55:49.101+0000] {taskinstance.py:2191} INFO - Executing <Task(BashOperator): dbt_run> on 2025-11-13 01:55:42+00:00
[2025-11-13T01:55:49.104+0000] {standard_task_runner.py:60} INFO - Started process 8222 to run task
[2025-11-13T01:55:49.106+0000] {standard_task_runner.py:87} INFO - Running: ['airflow', 'tasks', 'run', 'transform_bronze_to_silver_gold', 'dbt_run', 'manual__2025-11-13T01:55:42+00:00', '--job-id', '23', '--raw', '--subdir', 'DAGS_FOLDER/transform_silver_gold_dbt_dag.py', '--cfg-path', '/tmp/tmp539afq27']
[2025-11-13T01:55:49.108+0000] {standard_task_runner.py:88} INFO - Job 23: Subtask dbt_run
[2025-11-13T01:55:49.127+0000] {logging_mixin.py:188} INFO - Changing /opt/airflow/logs/dag_id=transform_bronze_to_silver_gold/run_id=manual__2025-11-13T01:55:42+00:00/task_id=dbt_run permission to 509
[2025-11-13T01:55:49.128+0000] {logging_mixin.py:188} INFO - Failed to change /opt/airflow/logs/dag_id=transform_bronze_to_silver_gold/run_id=manual__2025-11-13T01:55:42+00:00/task_id=dbt_run permission to 509: [Errno 1] Operation not permitted: '/opt/airflow/logs/dag_id=transform_bronze_to_silver_gold/run_id=manual__2025-11-13T01:55:42+00:00/task_id=dbt_run'
[2025-11-13T01:55:49.146+0000] {task_command.py:423} INFO - Running <TaskInstance: transform_bronze_to_silver_gold.dbt_run manual__2025-11-13T01:55:42+00:00 [running]> on host 2fa63170b6f2
[2025-11-13T01:55:49.183+0000] {taskinstance.py:2480} INFO - Exporting env vars: AIRFLOW_CTX_DAG_OWNER='data-platform' AIRFLOW_CTX_DAG_ID='transform_bronze_to_silver_gold' AIRFLOW_CTX_TASK_ID='dbt_run' AIRFLOW_CTX_EXECUTION_DATE='2025-11-13T01:55:42+00:00' AIRFLOW_CTX_TRY_NUMBER='1' AIRFLOW_CTX_DAG_RUN_ID='manual__2025-11-13T01:55:42+00:00'
[2025-11-13T01:55:49.184+0000] {subprocess.py:63} INFO - Tmp dir root location: /tmp
[2025-11-13T01:55:49.185+0000] {subprocess.py:75} INFO - Running command: ['/usr/bin/bash', '-c', 'cd /opt/airflow/dbt && export DBT_PROFILES_DIR=/opt/airflow/dbt && /home/airflow/.local/bin/dbt run']
[2025-11-13T01:55:49.190+0000] {subprocess.py:86} INFO - Output:
[2025-11-13T01:55:50.323+0000] {subprocess.py:93} INFO - [0m01:55:50  Running with dbt=1.7.9
[2025-11-13T01:55:50.514+0000] {subprocess.py:93} INFO - [0m01:55:50  Registered adapter: duckdb=1.7.2
[2025-11-13T01:55:50.847+0000] {subprocess.py:93} INFO - [0m01:55:50  Found 12 models, 18 tests, 0 sources, 0 exposures, 0 metrics, 391 macros, 0 groups, 0 semantic models
[2025-11-13T01:55:50.851+0000] {subprocess.py:93} INFO - [0m01:55:50
[2025-11-13T01:55:51.188+0000] {subprocess.py:93} INFO - [0m01:55:51  Concurrency: 4 threads (target='dev')
[2025-11-13T01:55:51.189+0000] {subprocess.py:93} INFO - [0m01:55:51
[2025-11-13T01:55:51.196+0000] {subprocess.py:93} INFO - [0m01:55:51  1 of 12 START sql view model main_bronze.bronze_customers ...................... [RUN]
[2025-11-13T01:55:51.198+0000] {subprocess.py:93} INFO - [0m01:55:51  2 of 12 START sql view model main_bronze.bronze_order_items .................... [RUN]
[2025-11-13T01:55:51.199+0000] {subprocess.py:93} INFO - [0m01:55:51  3 of 12 START sql view model main_bronze.bronze_orders ......................... [RUN]
[2025-11-13T01:55:51.200+0000] {subprocess.py:93} INFO - [0m01:55:51  4 of 12 START sql view model main_bronze.bronze_payments ....................... [RUN]
[2025-11-13T01:55:51.473+0000] {subprocess.py:93} INFO - [0m01:55:51  1 of 12 OK created sql view model main_bronze.bronze_customers ................. [[32mOK[0m in 0.27s]
[2025-11-13T01:55:51.487+0000] {subprocess.py:93} INFO - [0m01:55:51  5 of 12 START sql view model main_bronze.bronze_products ....................... [RUN]
[2025-11-13T01:55:51.504+0000] {subprocess.py:93} INFO - [0m01:55:51  2 of 12 OK created sql view model main_bronze.bronze_order_items ............... [[32mOK[0m in 0.30s]
[2025-11-13T01:55:51.511+0000] {subprocess.py:93} INFO - [0m01:55:51  4 of 12 OK created sql view model main_bronze.bronze_payments .................. [[32mOK[0m in 0.30s]
[2025-11-13T01:55:51.525+0000] {subprocess.py:93} INFO - [0m01:55:51  6 of 12 START sql external model main_silver.silver_customers .................. [RUN]
[2025-11-13T01:55:51.528+0000] {subprocess.py:93} INFO - [0m01:55:51  3 of 12 OK created sql view model main_bronze.bronze_orders .................... [[32mOK[0m in 0.32s]
[2025-11-13T01:55:51.536+0000] {subprocess.py:93} INFO - [0m01:55:51  7 of 12 START sql external model main_silver.silver_order_items ................ [RUN]
[2025-11-13T01:55:51.545+0000] {subprocess.py:93} INFO - [0m01:55:51  8 of 12 START sql external model main_silver.silver_orders ..................... [RUN]
[2025-11-13T01:55:51.729+0000] {subprocess.py:93} INFO - [0m01:55:51  5 of 12 OK created sql view model main_bronze.bronze_products .................. [[32mOK[0m in 0.23s]
[2025-11-13T01:55:51.734+0000] {subprocess.py:93} INFO - [0m01:55:51  9 of 12 START sql external model main_silver.silver_products ................... [RUN]
[2025-11-13T01:55:51.972+0000] {subprocess.py:93} INFO - [0m01:55:51  6 of 12 OK created sql external model main_silver.silver_customers ............. [[32mOK[0m in 0.44s]
[2025-11-13T01:55:51.977+0000] {subprocess.py:93} INFO - [0m01:55:51  7 of 12 OK created sql external model main_silver.silver_order_items ........... [[32mOK[0m in 0.43s]
[2025-11-13T01:55:51.981+0000] {subprocess.py:93} INFO - [0m01:55:51  10 of 12 START sql external model main_gold.dim_customer ....................... [RUN]
[2025-11-13T01:55:52.048+0000] {subprocess.py:93} INFO - [0m01:55:52  8 of 12 OK created sql external model main_silver.silver_orders ................ [[32mOK[0m in 0.50s]
[2025-11-13T01:55:52.056+0000] {subprocess.py:93} INFO - [0m01:55:52  11 of 12 START sql external model main_gold.fct_orders ......................... [RUN]
[2025-11-13T01:55:52.096+0000] {subprocess.py:93} INFO - [0m01:55:52  9 of 12 OK created sql external model main_silver.silver_products .............. [[32mOK[0m in 0.36s]
[2025-11-13T01:55:52.103+0000] {subprocess.py:93} INFO - [0m01:55:52  12 of 12 START sql external model main_gold.dim_product ........................ [RUN]
[2025-11-13T01:55:52.317+0000] {subprocess.py:93} INFO - [0m01:55:52  10 of 12 OK created sql external model main_gold.dim_customer .................. [[32mOK[0m in 0.33s]
[2025-11-13T01:55:52.373+0000] {subprocess.py:93} INFO - [0m01:55:52  12 of 12 OK created sql external model main_gold.dim_product ................... [[32mOK[0m in 0.27s]
[2025-11-13T01:55:52.450+0000] {subprocess.py:93} INFO - [0m01:55:52  11 of 12 OK created sql external model main_gold.fct_orders .................... [[32mOK[0m in 0.39s]
[2025-11-13T01:55:52.496+0000] {subprocess.py:93} INFO - [0m01:55:52
[2025-11-13T01:55:52.497+0000] {subprocess.py:93} INFO - [0m01:55:52  Finished running 5 view models, 7 external models in 0 hours 0 minutes and 1.64 seconds (1.64s).
[2025-11-13T01:55:52.523+0000] {subprocess.py:93} INFO - [0m01:55:52
[2025-11-13T01:55:52.525+0000] {subprocess.py:93} INFO - [0m01:55:52  [32mCompleted successfully[0m
[2025-11-13T01:55:52.526+0000] {subprocess.py:93} INFO - [0m01:55:52
[2025-11-13T01:55:52.527+0000] {subprocess.py:93} INFO - [0m01:55:52  Done. PASS=12 WARN=0 ERROR=0 SKIP=0 TOTAL=12
[2025-11-13T01:55:53.411+0000] {subprocess.py:97} INFO - Command exited with return code 0
[2025-11-13T01:55:53.422+0000] {taskinstance.py:1138} INFO - Marking task as SUCCESS. dag_id=transform_bronze_to_silver_gold, task_id=dbt_run, execution_date=20251113T015542, start_date=20251113T015549, end_date=20251113T015553
[2025-11-13T01:55:53.457+0000] {local_task_job_runner.py:234} INFO - Task exited with return code 0
[2025-11-13T01:55:53.464+0000] {taskinstance.py:3280} INFO - 1 downstream tasks scheduled from follow-on schedule check
