[2025-11-13T01:59:17.010+0000] {logging_mixin.py:188} INFO - Changing /opt/airflow/logs/dag_id=transform_bronze_to_silver_gold/run_id=manual__2025-11-13T01:59:10+00:00/task_id=dbt_run permission to 509
[2025-11-13T01:59:17.011+0000] {logging_mixin.py:188} INFO - Failed to change /opt/airflow/logs/dag_id=transform_bronze_to_silver_gold/run_id=manual__2025-11-13T01:59:10+00:00/task_id=dbt_run permission to 509: [Errno 1] Operation not permitted: '/opt/airflow/logs/dag_id=transform_bronze_to_silver_gold/run_id=manual__2025-11-13T01:59:10+00:00/task_id=dbt_run'
[2025-11-13T01:59:17.041+0000] {logging_mixin.py:188} INFO - Changing /opt/airflow/logs/dag_id=transform_bronze_to_silver_gold/run_id=manual__2025-11-13T01:59:10+00:00/task_id=dbt_run permission to 509
[2025-11-13T01:59:17.042+0000] {logging_mixin.py:188} INFO - Failed to change /opt/airflow/logs/dag_id=transform_bronze_to_silver_gold/run_id=manual__2025-11-13T01:59:10+00:00/task_id=dbt_run permission to 509: [Errno 1] Operation not permitted: '/opt/airflow/logs/dag_id=transform_bronze_to_silver_gold/run_id=manual__2025-11-13T01:59:10+00:00/task_id=dbt_run'
[2025-11-13T01:59:17.073+0000] {taskinstance.py:1956} INFO - Dependencies all met for dep_context=non-requeueable deps ti=<TaskInstance: transform_bronze_to_silver_gold.dbt_run manual__2025-11-13T01:59:10+00:00 [queued]>
[2025-11-13T01:59:17.076+0000] {taskinstance.py:1956} INFO - Dependencies all met for dep_context=requeueable deps ti=<TaskInstance: transform_bronze_to_silver_gold.dbt_run manual__2025-11-13T01:59:10+00:00 [queued]>
[2025-11-13T01:59:17.077+0000] {taskinstance.py:2170} INFO - Starting attempt 1 of 1
[2025-11-13T01:59:17.087+0000] {taskinstance.py:2191} INFO - Executing <Task(BashOperator): dbt_run> on 2025-11-13 01:59:10+00:00
[2025-11-13T01:59:17.090+0000] {standard_task_runner.py:60} INFO - Started process 10710 to run task
[2025-11-13T01:59:17.092+0000] {standard_task_runner.py:87} INFO - Running: ['airflow', 'tasks', 'run', 'transform_bronze_to_silver_gold', 'dbt_run', 'manual__2025-11-13T01:59:10+00:00', '--job-id', '26', '--raw', '--subdir', 'DAGS_FOLDER/transform_silver_gold_dbt_dag.py', '--cfg-path', '/tmp/tmplfad_me8']
[2025-11-13T01:59:17.094+0000] {standard_task_runner.py:88} INFO - Job 26: Subtask dbt_run
[2025-11-13T01:59:17.114+0000] {logging_mixin.py:188} INFO - Changing /opt/airflow/logs/dag_id=transform_bronze_to_silver_gold/run_id=manual__2025-11-13T01:59:10+00:00/task_id=dbt_run permission to 509
[2025-11-13T01:59:17.115+0000] {logging_mixin.py:188} INFO - Failed to change /opt/airflow/logs/dag_id=transform_bronze_to_silver_gold/run_id=manual__2025-11-13T01:59:10+00:00/task_id=dbt_run permission to 509: [Errno 1] Operation not permitted: '/opt/airflow/logs/dag_id=transform_bronze_to_silver_gold/run_id=manual__2025-11-13T01:59:10+00:00/task_id=dbt_run'
[2025-11-13T01:59:17.132+0000] {task_command.py:423} INFO - Running <TaskInstance: transform_bronze_to_silver_gold.dbt_run manual__2025-11-13T01:59:10+00:00 [running]> on host 2fa63170b6f2
[2025-11-13T01:59:17.161+0000] {taskinstance.py:2480} INFO - Exporting env vars: AIRFLOW_CTX_DAG_OWNER='data-platform' AIRFLOW_CTX_DAG_ID='transform_bronze_to_silver_gold' AIRFLOW_CTX_TASK_ID='dbt_run' AIRFLOW_CTX_EXECUTION_DATE='2025-11-13T01:59:10+00:00' AIRFLOW_CTX_TRY_NUMBER='1' AIRFLOW_CTX_DAG_RUN_ID='manual__2025-11-13T01:59:10+00:00'
[2025-11-13T01:59:17.162+0000] {subprocess.py:63} INFO - Tmp dir root location: /tmp
[2025-11-13T01:59:17.163+0000] {subprocess.py:75} INFO - Running command: ['/usr/bin/bash', '-c', 'cd /opt/airflow/dbt && export DBT_PROFILES_DIR=/opt/airflow/dbt && /home/airflow/.local/bin/dbt run']
[2025-11-13T01:59:17.168+0000] {subprocess.py:86} INFO - Output:
[2025-11-13T01:59:18.294+0000] {subprocess.py:93} INFO - [0m01:59:18  Running with dbt=1.7.9
[2025-11-13T01:59:18.482+0000] {subprocess.py:93} INFO - [0m01:59:18  Registered adapter: duckdb=1.7.2
[2025-11-13T01:59:18.890+0000] {subprocess.py:93} INFO - [0m01:59:18  Found 12 models, 18 tests, 0 sources, 0 exposures, 0 metrics, 391 macros, 0 groups, 0 semantic models
[2025-11-13T01:59:18.895+0000] {subprocess.py:93} INFO - [0m01:59:18
[2025-11-13T01:59:19.263+0000] {subprocess.py:93} INFO - [0m01:59:19  Concurrency: 4 threads (target='dev')
[2025-11-13T01:59:19.264+0000] {subprocess.py:93} INFO - [0m01:59:19
[2025-11-13T01:59:19.272+0000] {subprocess.py:93} INFO - [0m01:59:19  1 of 12 START sql view model main_bronze.bronze_customers ...................... [RUN]
[2025-11-13T01:59:19.274+0000] {subprocess.py:93} INFO - [0m01:59:19  2 of 12 START sql view model main_bronze.bronze_order_items .................... [RUN]
[2025-11-13T01:59:19.275+0000] {subprocess.py:93} INFO - [0m01:59:19  3 of 12 START sql view model main_bronze.bronze_orders ......................... [RUN]
[2025-11-13T01:59:19.276+0000] {subprocess.py:93} INFO - [0m01:59:19  4 of 12 START sql view model main_bronze.bronze_payments ....................... [RUN]
[2025-11-13T01:59:19.622+0000] {subprocess.py:93} INFO - [0m01:59:19  3 of 12 OK created sql view model main_bronze.bronze_orders .................... [[32mOK[0m in 0.33s]
[2025-11-13T01:59:19.634+0000] {subprocess.py:93} INFO - [0m01:59:19  4 of 12 OK created sql view model main_bronze.bronze_payments .................. [[32mOK[0m in 0.35s]
[2025-11-13T01:59:19.637+0000] {subprocess.py:93} INFO - [0m01:59:19  5 of 12 START sql view model main_bronze.bronze_products ....................... [RUN]
[2025-11-13T01:59:19.645+0000] {subprocess.py:93} INFO - [0m01:59:19  1 of 12 OK created sql view model main_bronze.bronze_customers ................. [[32mOK[0m in 0.36s]
[2025-11-13T01:59:19.664+0000] {subprocess.py:93} INFO - [0m01:59:19  6 of 12 START sql external model main_silver.silver_orders ..................... [RUN]
[2025-11-13T01:59:19.665+0000] {subprocess.py:93} INFO - [0m01:59:19  2 of 12 OK created sql view model main_bronze.bronze_order_items ............... [[32mOK[0m in 0.38s]
[2025-11-13T01:59:19.676+0000] {subprocess.py:93} INFO - [0m01:59:19  7 of 12 START sql external model main_silver.silver_customers .................. [RUN]
[2025-11-13T01:59:19.684+0000] {subprocess.py:93} INFO - [0m01:59:19  8 of 12 START sql external model main_silver.silver_order_items ................ [RUN]
[2025-11-13T01:59:19.894+0000] {subprocess.py:93} INFO - [0m01:59:19  5 of 12 OK created sql view model main_bronze.bronze_products .................. [[32mOK[0m in 0.25s]
[2025-11-13T01:59:19.900+0000] {subprocess.py:93} INFO - [0m01:59:19  9 of 12 START sql external model main_silver.silver_products ................... [RUN]
[2025-11-13T01:59:20.172+0000] {subprocess.py:93} INFO - [0m01:59:20  7 of 12 OK created sql external model main_silver.silver_customers ............. [[32mOK[0m in 0.49s]
[2025-11-13T01:59:20.173+0000] {subprocess.py:93} INFO - [0m01:59:20  8 of 12 OK created sql external model main_silver.silver_order_items ........... [[32mOK[0m in 0.48s]
[2025-11-13T01:59:20.180+0000] {subprocess.py:93} INFO - [0m01:59:20  10 of 12 START sql external model main_gold.dim_customer ....................... [RUN]
[2025-11-13T01:59:20.275+0000] {subprocess.py:93} INFO - [0m01:59:20  6 of 12 OK created sql external model main_silver.silver_orders ................ [[32mOK[0m in 0.60s]
[2025-11-13T01:59:20.283+0000] {subprocess.py:93} INFO - [0m01:59:20  11 of 12 START sql external model main_gold.fct_orders ......................... [RUN]
[2025-11-13T01:59:20.296+0000] {subprocess.py:93} INFO - [0m01:59:20  9 of 12 OK created sql external model main_silver.silver_products .............. [[32mOK[0m in 0.39s]
[2025-11-13T01:59:20.305+0000] {subprocess.py:93} INFO - [0m01:59:20  12 of 12 START sql external model main_gold.dim_product ........................ [RUN]
[2025-11-13T01:59:20.642+0000] {subprocess.py:93} INFO - [0m01:59:20  10 of 12 OK created sql external model main_gold.dim_customer .................. [[32mOK[0m in 0.46s]
[2025-11-13T01:59:20.716+0000] {subprocess.py:93} INFO - [0m01:59:20  12 of 12 OK created sql external model main_gold.dim_product ................... [[32mOK[0m in 0.41s]
[2025-11-13T01:59:20.931+0000] {subprocess.py:93} INFO - [0m01:59:20  11 of 12 OK created sql external model main_gold.fct_orders .................... [[32mOK[0m in 0.64s]
[2025-11-13T01:59:21.009+0000] {subprocess.py:93} INFO - [0m01:59:21
[2025-11-13T01:59:21.011+0000] {subprocess.py:93} INFO - [0m01:59:21  Finished running 5 view models, 7 external models in 0 hours 0 minutes and 2.11 seconds (2.11s).
[2025-11-13T01:59:21.040+0000] {subprocess.py:93} INFO - [0m01:59:21
[2025-11-13T01:59:21.041+0000] {subprocess.py:93} INFO - [0m01:59:21  [32mCompleted successfully[0m
[2025-11-13T01:59:21.043+0000] {subprocess.py:93} INFO - [0m01:59:21
[2025-11-13T01:59:21.043+0000] {subprocess.py:93} INFO - [0m01:59:21  Done. PASS=12 WARN=0 ERROR=0 SKIP=0 TOTAL=12
[2025-11-13T01:59:21.857+0000] {subprocess.py:97} INFO - Command exited with return code 0
[2025-11-13T01:59:21.869+0000] {taskinstance.py:1138} INFO - Marking task as SUCCESS. dag_id=transform_bronze_to_silver_gold, task_id=dbt_run, execution_date=20251113T015910, start_date=20251113T015917, end_date=20251113T015921
[2025-11-13T01:59:21.886+0000] {local_task_job_runner.py:234} INFO - Task exited with return code 0
[2025-11-13T01:59:21.894+0000] {taskinstance.py:3280} INFO - 1 downstream tasks scheduled from follow-on schedule check
