[2025-11-13T01:50:25.843+0000] {logging_mixin.py:188} INFO - Changing /opt/airflow/logs/dag_id=transform_bronze_to_silver_gold/run_id=manual__2025-11-13T01:50:19+00:00/task_id=dbt_run permission to 509
[2025-11-13T01:50:25.844+0000] {logging_mixin.py:188} INFO - Failed to change /opt/airflow/logs/dag_id=transform_bronze_to_silver_gold/run_id=manual__2025-11-13T01:50:19+00:00/task_id=dbt_run permission to 509: [Errno 1] Operation not permitted: '/opt/airflow/logs/dag_id=transform_bronze_to_silver_gold/run_id=manual__2025-11-13T01:50:19+00:00/task_id=dbt_run'
[2025-11-13T01:50:25.882+0000] {logging_mixin.py:188} INFO - Changing /opt/airflow/logs/dag_id=transform_bronze_to_silver_gold/run_id=manual__2025-11-13T01:50:19+00:00/task_id=dbt_run permission to 509
[2025-11-13T01:50:25.883+0000] {logging_mixin.py:188} INFO - Failed to change /opt/airflow/logs/dag_id=transform_bronze_to_silver_gold/run_id=manual__2025-11-13T01:50:19+00:00/task_id=dbt_run permission to 509: [Errno 1] Operation not permitted: '/opt/airflow/logs/dag_id=transform_bronze_to_silver_gold/run_id=manual__2025-11-13T01:50:19+00:00/task_id=dbt_run'
[2025-11-13T01:50:25.911+0000] {taskinstance.py:1956} INFO - Dependencies all met for dep_context=non-requeueable deps ti=<TaskInstance: transform_bronze_to_silver_gold.dbt_run manual__2025-11-13T01:50:19+00:00 [queued]>
[2025-11-13T01:50:25.914+0000] {taskinstance.py:1956} INFO - Dependencies all met for dep_context=requeueable deps ti=<TaskInstance: transform_bronze_to_silver_gold.dbt_run manual__2025-11-13T01:50:19+00:00 [queued]>
[2025-11-13T01:50:25.915+0000] {taskinstance.py:2170} INFO - Starting attempt 1 of 1
[2025-11-13T01:50:25.923+0000] {taskinstance.py:2191} INFO - Executing <Task(BashOperator): dbt_run> on 2025-11-13 01:50:19+00:00
[2025-11-13T01:50:25.927+0000] {standard_task_runner.py:60} INFO - Started process 5738 to run task
[2025-11-13T01:50:25.929+0000] {standard_task_runner.py:87} INFO - Running: ['airflow', 'tasks', 'run', 'transform_bronze_to_silver_gold', 'dbt_run', 'manual__2025-11-13T01:50:19+00:00', '--job-id', '20', '--raw', '--subdir', 'DAGS_FOLDER/transform_silver_gold_dbt_dag.py', '--cfg-path', '/tmp/tmpjveki9ni']
[2025-11-13T01:50:25.930+0000] {standard_task_runner.py:88} INFO - Job 20: Subtask dbt_run
[2025-11-13T01:50:25.951+0000] {logging_mixin.py:188} INFO - Changing /opt/airflow/logs/dag_id=transform_bronze_to_silver_gold/run_id=manual__2025-11-13T01:50:19+00:00/task_id=dbt_run permission to 509
[2025-11-13T01:50:25.952+0000] {logging_mixin.py:188} INFO - Failed to change /opt/airflow/logs/dag_id=transform_bronze_to_silver_gold/run_id=manual__2025-11-13T01:50:19+00:00/task_id=dbt_run permission to 509: [Errno 1] Operation not permitted: '/opt/airflow/logs/dag_id=transform_bronze_to_silver_gold/run_id=manual__2025-11-13T01:50:19+00:00/task_id=dbt_run'
[2025-11-13T01:50:25.971+0000] {task_command.py:423} INFO - Running <TaskInstance: transform_bronze_to_silver_gold.dbt_run manual__2025-11-13T01:50:19+00:00 [running]> on host 2fa63170b6f2
[2025-11-13T01:50:26.001+0000] {taskinstance.py:2480} INFO - Exporting env vars: AIRFLOW_CTX_DAG_OWNER='data-platform' AIRFLOW_CTX_DAG_ID='transform_bronze_to_silver_gold' AIRFLOW_CTX_TASK_ID='dbt_run' AIRFLOW_CTX_EXECUTION_DATE='2025-11-13T01:50:19+00:00' AIRFLOW_CTX_TRY_NUMBER='1' AIRFLOW_CTX_DAG_RUN_ID='manual__2025-11-13T01:50:19+00:00'
[2025-11-13T01:50:26.003+0000] {subprocess.py:63} INFO - Tmp dir root location: /tmp
[2025-11-13T01:50:26.004+0000] {subprocess.py:75} INFO - Running command: ['/usr/bin/bash', '-c', 'cd /opt/airflow/dbt && export DBT_PROFILES_DIR=/opt/airflow/dbt && /home/airflow/.local/bin/dbt run']
[2025-11-13T01:50:26.009+0000] {subprocess.py:86} INFO - Output:
[2025-11-13T01:50:27.163+0000] {subprocess.py:93} INFO - [0m01:50:27  Running with dbt=1.7.9
[2025-11-13T01:50:27.422+0000] {subprocess.py:93} INFO - [0m01:50:27  Registered adapter: duckdb=1.7.2
[2025-11-13T01:50:27.948+0000] {subprocess.py:93} INFO - [0m01:50:27  Found 12 models, 18 tests, 0 sources, 0 exposures, 0 metrics, 391 macros, 0 groups, 0 semantic models
[2025-11-13T01:50:27.952+0000] {subprocess.py:93} INFO - [0m01:50:27
[2025-11-13T01:50:28.385+0000] {subprocess.py:93} INFO - [0m01:50:28  Concurrency: 4 threads (target='dev')
[2025-11-13T01:50:28.387+0000] {subprocess.py:93} INFO - [0m01:50:28
[2025-11-13T01:50:28.395+0000] {subprocess.py:93} INFO - [0m01:50:28  1 of 12 START sql view model main_bronze.bronze_customers ...................... [RUN]
[2025-11-13T01:50:28.398+0000] {subprocess.py:93} INFO - [0m01:50:28  2 of 12 START sql view model main_bronze.bronze_order_items .................... [RUN]
[2025-11-13T01:50:28.399+0000] {subprocess.py:93} INFO - [0m01:50:28  3 of 12 START sql view model main_bronze.bronze_orders ......................... [RUN]
[2025-11-13T01:50:28.401+0000] {subprocess.py:93} INFO - [0m01:50:28  4 of 12 START sql view model main_bronze.bronze_payments ....................... [RUN]
[2025-11-13T01:50:28.715+0000] {subprocess.py:93} INFO - [0m01:50:28  4 of 12 OK created sql view model main_bronze.bronze_payments .................. [[32mOK[0m in 0.30s]
[2025-11-13T01:50:28.736+0000] {subprocess.py:93} INFO - [0m01:50:28  5 of 12 START sql view model main_bronze.bronze_products ....................... [RUN]
[2025-11-13T01:50:28.775+0000] {subprocess.py:93} INFO - [0m01:50:28  3 of 12 OK created sql view model main_bronze.bronze_orders .................... [[32mOK[0m in 0.36s]
[2025-11-13T01:50:28.781+0000] {subprocess.py:93} INFO - [0m01:50:28  1 of 12 OK created sql view model main_bronze.bronze_customers ................. [[32mOK[0m in 0.37s]
[2025-11-13T01:50:28.803+0000] {subprocess.py:93} INFO - [0m01:50:28  2 of 12 OK created sql view model main_bronze.bronze_order_items ............... [[32mOK[0m in 0.39s]
[2025-11-13T01:50:28.804+0000] {subprocess.py:93} INFO - [0m01:50:28  6 of 12 START sql external model main_silver.silver_orders ..................... [RUN]
[2025-11-13T01:50:28.811+0000] {subprocess.py:93} INFO - [0m01:50:28  7 of 12 START sql external model main_silver.silver_customers .................. [RUN]
[2025-11-13T01:50:28.817+0000] {subprocess.py:93} INFO - [0m01:50:28  8 of 12 START sql external model main_silver.silver_order_items ................ [RUN]
[2025-11-13T01:50:29.040+0000] {subprocess.py:93} INFO - [0m01:50:29  5 of 12 OK created sql view model main_bronze.bronze_products .................. [[32mOK[0m in 0.29s]
[2025-11-13T01:50:29.045+0000] {subprocess.py:93} INFO - [0m01:50:29  9 of 12 START sql external model main_silver.silver_products ................... [RUN]
[2025-11-13T01:50:29.329+0000] {subprocess.py:93} INFO - [0m01:50:29  7 of 12 OK created sql external model main_silver.silver_customers ............. [[32mOK[0m in 0.51s]
[2025-11-13T01:50:29.335+0000] {subprocess.py:93} INFO - [0m01:50:29  8 of 12 OK created sql external model main_silver.silver_order_items ........... [[32mOK[0m in 0.51s]
[2025-11-13T01:50:29.339+0000] {subprocess.py:93} INFO - [0m01:50:29  10 of 12 START sql external model main_gold.dim_customer ....................... [RUN]
[2025-11-13T01:50:29.402+0000] {subprocess.py:93} INFO - [0m01:50:29  6 of 12 OK created sql external model main_silver.silver_orders ................ [[32mOK[0m in 0.59s]
[2025-11-13T01:50:29.409+0000] {subprocess.py:93} INFO - [0m01:50:29  11 of 12 START sql external model main_gold.fct_orders ......................... [RUN]
[2025-11-13T01:50:29.468+0000] {subprocess.py:93} INFO - [0m01:50:29  9 of 12 OK created sql external model main_silver.silver_products .............. [[32mOK[0m in 0.42s]
[2025-11-13T01:50:29.474+0000] {subprocess.py:93} INFO - [0m01:50:29  12 of 12 START sql external model main_gold.dim_product ........................ [RUN]
[2025-11-13T01:50:29.758+0000] {subprocess.py:93} INFO - [0m01:50:29  10 of 12 OK created sql external model main_gold.dim_customer .................. [[32mOK[0m in 0.41s]
[2025-11-13T01:50:29.821+0000] {subprocess.py:93} INFO - [0m01:50:29  12 of 12 OK created sql external model main_gold.dim_product ................... [[32mOK[0m in 0.34s]
[2025-11-13T01:50:29.953+0000] {subprocess.py:93} INFO - [0m01:50:29  11 of 12 OK created sql external model main_gold.fct_orders .................... [[32mOK[0m in 0.54s]
[2025-11-13T01:50:30.023+0000] {subprocess.py:93} INFO - [0m01:50:30
[2025-11-13T01:50:30.026+0000] {subprocess.py:93} INFO - [0m01:50:30  Finished running 5 view models, 7 external models in 0 hours 0 minutes and 2.07 seconds (2.07s).
[2025-11-13T01:50:30.065+0000] {subprocess.py:93} INFO - [0m01:50:30
[2025-11-13T01:50:30.068+0000] {subprocess.py:93} INFO - [0m01:50:30  [32mCompleted successfully[0m
[2025-11-13T01:50:30.070+0000] {subprocess.py:93} INFO - [0m01:50:30
[2025-11-13T01:50:30.071+0000] {subprocess.py:93} INFO - [0m01:50:30  Done. PASS=12 WARN=0 ERROR=0 SKIP=0 TOTAL=12
[2025-11-13T01:50:30.898+0000] {subprocess.py:97} INFO - Command exited with return code 0
[2025-11-13T01:50:30.909+0000] {taskinstance.py:1138} INFO - Marking task as SUCCESS. dag_id=transform_bronze_to_silver_gold, task_id=dbt_run, execution_date=20251113T015019, start_date=20251113T015025, end_date=20251113T015030
[2025-11-13T01:50:30.921+0000] {local_task_job_runner.py:234} INFO - Task exited with return code 0
[2025-11-13T01:50:30.928+0000] {taskinstance.py:3280} INFO - 1 downstream tasks scheduled from follow-on schedule check
