[2025-11-13T01:23:41.644+0000] {logging_mixin.py:188} INFO - Changing /opt/airflow/logs/dag_id=erp_to_minio_bronze/run_id=scheduled__2025-11-12T18:00:00+00:00/task_id=extract_orders permission to 509
[2025-11-13T01:23:41.645+0000] {logging_mixin.py:188} INFO - Failed to change /opt/airflow/logs/dag_id=erp_to_minio_bronze/run_id=scheduled__2025-11-12T18:00:00+00:00/task_id=extract_orders permission to 509: [Errno 1] Operation not permitted: '/opt/airflow/logs/dag_id=erp_to_minio_bronze/run_id=scheduled__2025-11-12T18:00:00+00:00/task_id=extract_orders'
[2025-11-13T01:23:41.677+0000] {logging_mixin.py:188} INFO - Changing /opt/airflow/logs/dag_id=erp_to_minio_bronze/run_id=scheduled__2025-11-12T18:00:00+00:00/task_id=extract_orders permission to 509
[2025-11-13T01:23:41.678+0000] {logging_mixin.py:188} INFO - Failed to change /opt/airflow/logs/dag_id=erp_to_minio_bronze/run_id=scheduled__2025-11-12T18:00:00+00:00/task_id=extract_orders permission to 509: [Errno 1] Operation not permitted: '/opt/airflow/logs/dag_id=erp_to_minio_bronze/run_id=scheduled__2025-11-12T18:00:00+00:00/task_id=extract_orders'
[2025-11-13T01:23:41.711+0000] {taskinstance.py:1956} INFO - Dependencies all met for dep_context=non-requeueable deps ti=<TaskInstance: erp_to_minio_bronze.extract_orders scheduled__2025-11-12T18:00:00+00:00 [queued]>
[2025-11-13T01:23:41.714+0000] {taskinstance.py:1956} INFO - Dependencies all met for dep_context=requeueable deps ti=<TaskInstance: erp_to_minio_bronze.extract_orders scheduled__2025-11-12T18:00:00+00:00 [queued]>
[2025-11-13T01:23:41.714+0000] {taskinstance.py:2170} INFO - Starting attempt 1 of 2
[2025-11-13T01:23:41.722+0000] {taskinstance.py:2191} INFO - Executing <Task(PythonOperator): extract_orders> on 2025-11-12 18:00:00+00:00
[2025-11-13T01:23:41.726+0000] {standard_task_runner.py:60} INFO - Started process 304 to run task
[2025-11-13T01:23:41.728+0000] {standard_task_runner.py:87} INFO - Running: ['airflow', 'tasks', 'run', 'erp_to_minio_bronze', 'extract_orders', 'scheduled__2025-11-12T18:00:00+00:00', '--job-id', '4', '--raw', '--subdir', 'DAGS_FOLDER/erp_to_minio_bronze_dag.py', '--cfg-path', '/tmp/tmpy1iq7x00']
[2025-11-13T01:23:41.729+0000] {standard_task_runner.py:88} INFO - Job 4: Subtask extract_orders
[2025-11-13T01:23:41.751+0000] {logging_mixin.py:188} INFO - Changing /opt/airflow/logs/dag_id=erp_to_minio_bronze/run_id=scheduled__2025-11-12T18:00:00+00:00/task_id=extract_orders permission to 509
[2025-11-13T01:23:41.752+0000] {logging_mixin.py:188} INFO - Failed to change /opt/airflow/logs/dag_id=erp_to_minio_bronze/run_id=scheduled__2025-11-12T18:00:00+00:00/task_id=extract_orders permission to 509: [Errno 1] Operation not permitted: '/opt/airflow/logs/dag_id=erp_to_minio_bronze/run_id=scheduled__2025-11-12T18:00:00+00:00/task_id=extract_orders'
[2025-11-13T01:23:41.776+0000] {task_command.py:423} INFO - Running <TaskInstance: erp_to_minio_bronze.extract_orders scheduled__2025-11-12T18:00:00+00:00 [running]> on host 2fa63170b6f2
[2025-11-13T01:23:41.804+0000] {taskinstance.py:2480} INFO - Exporting env vars: AIRFLOW_CTX_DAG_OWNER='data-platform' AIRFLOW_CTX_DAG_ID='erp_to_minio_bronze' AIRFLOW_CTX_TASK_ID='extract_orders' AIRFLOW_CTX_EXECUTION_DATE='2025-11-12T18:00:00+00:00' AIRFLOW_CTX_TRY_NUMBER='1' AIRFLOW_CTX_DAG_RUN_ID='scheduled__2025-11-12T18:00:00+00:00'
[2025-11-13T01:23:42.036+0000] {base.py:83} INFO - Using connection ID 'postgres_erp' for task execution.
[2025-11-13T01:23:42.043+0000] {logging_mixin.py:188} WARNING - /home/airflow/.local/lib/python3.11/site-packages/airflow/providers/common/sql/hooks/sql.py:221 UserWarning: pandas only supports SQLAlchemy connectable (engine/connection) or database string URI or sqlite3 DBAPI2 connection. Other DBAPI2 objects are not tested. Please consider using SQLAlchemy.
[2025-11-13T01:23:42.195+0000] {erp_to_minio_bronze_dag.py:77} INFO - Uploaded 10 rows from orders to s3://datalake/bronze/erp/orders/20251112.parquet
[2025-11-13T01:23:42.196+0000] {python.py:201} INFO - Done. Returned value was: None
[2025-11-13T01:23:42.199+0000] {taskinstance.py:1138} INFO - Marking task as SUCCESS. dag_id=erp_to_minio_bronze, task_id=extract_orders, execution_date=20251112T180000, start_date=20251113T012341, end_date=20251113T012342
[2025-11-13T01:23:42.222+0000] {local_task_job_runner.py:234} INFO - Task exited with return code 0
[2025-11-13T01:23:42.228+0000] {taskinstance.py:3280} INFO - 0 downstream tasks scheduled from follow-on schedule check
